Archive member included because of file (symbol)

/Applications/RFduino.app/Contents/Java/hardware/arduino/RFduino/variants/RFduino/libRFduino.a(libRFduino.o)
                              Builds/variant.cpp.o (RFduinoBLE_enabled)
Builds/embeddedcomputing.a(WInterrupts.c.o)
                              Builds/variant.cpp.o (attachInterrupt)
Builds/embeddedcomputing.a(wiring.c.o)
                              Builds/variant.cpp.o (RTC1_Interrupt)
Builds/embeddedcomputing.a(wiring_digital.c.o)
                              Builds/Actuator.cpp.o (pinMode)
Builds/embeddedcomputing.a(Print.cpp.o)
                              Builds/main.cpp.o (Print::print(char const*))
Builds/embeddedcomputing.a(RingBuffer.cpp.o)
                              Builds/variant.cpp.o (RingBuffer::RingBuffer())
Builds/embeddedcomputing.a(UARTClass.cpp.o)
                              Builds/variant.cpp.o (UARTClass::flush())
Builds/embeddedcomputing.a(WMath.cpp.o)
                              Builds/dht.cpp.o (makeWord(unsigned char, unsigned char))
Builds/embeddedcomputing.a(WString.cpp.o)
                              Builds/embeddedcomputing.a(Print.cpp.o) (String::operator[](unsigned int) const)
Builds/embeddedcomputing.a(hooks.c.o)
                              Builds/embeddedcomputing.a(wiring.c.o) (yield)
Builds/embeddedcomputing.a(itoa.c.o)
                              Builds/embeddedcomputing.a(WString.cpp.o) (ltoa)
Builds/embeddedcomputing.a(wiring_analog.c.o)
                              Builds/embeddedcomputing.a(wiring_digital.c.o) (turn_Off_GPIOTE_PPI_from_GPIO)
/Applications/RFduino.app/Contents/Java/hardware/arduino/RFduino/variants/RFduino/libRFduinoSystem.a(startup_nrf51822.o)
                              Builds/embeddedcomputing.a(WInterrupts.c.o) (dynamic_handlers)
/Applications/RFduino.app/Contents/Java/hardware/arduino/RFduino/variants/RFduino/libRFduinoSystem.a(system_nrf51.o)
                              /Applications/RFduino.app/Contents/Java/hardware/arduino/RFduino/variants/RFduino/libRFduinoSystem.a(startup_nrf51822.o) (SystemInit)
/Applications/RFduino.app/Contents/Java/hardware/tools/gcc-arm-none-eabi-4.8.3-2014q1/bin/../lib/gcc/arm-none-eabi/4.8.3/../../../../arm-none-eabi/lib/armv6-m/libstdc++_s.a(pure.o)
                              Builds/embeddedcomputing.a(Print.cpp.o) (__cxa_pure_virtual)
/Applications/RFduino.app/Contents/Java/hardware/tools/gcc-arm-none-eabi-4.8.3-2014q1/bin/../lib/gcc/arm-none-eabi/4.8.3/../../../../arm-none-eabi/lib/armv6-m/libstdc++_s.a(eh_terminate.o)
                              /Applications/RFduino.app/Contents/Java/hardware/tools/gcc-arm-none-eabi-4.8.3-2014q1/bin/../lib/gcc/arm-none-eabi/4.8.3/../../../../arm-none-eabi/lib/armv6-m/libstdc++_s.a(pure.o) (std::terminate())
/Applications/RFduino.app/Contents/Java/hardware/tools/gcc-arm-none-eabi-4.8.3-2014q1/bin/../lib/gcc/arm-none-eabi/4.8.3/../../../../arm-none-eabi/lib/armv6-m/libstdc++_s.a(eh_unex_handler.o)
                              /Applications/RFduino.app/Contents/Java/hardware/tools/gcc-arm-none-eabi-4.8.3-2014q1/bin/../lib/gcc/arm-none-eabi/4.8.3/../../../../arm-none-eabi/lib/armv6-m/libstdc++_s.a(eh_terminate.o) (__cxxabiv1::__unexpected_handler)
/Applications/RFduino.app/Contents/Java/hardware/tools/gcc-arm-none-eabi-4.8.3-2014q1/bin/../lib/gcc/arm-none-eabi/4.8.3/../../../../arm-none-eabi/lib/armv6-m/libstdc++_s.a(eh_term_handler.o)
                              /Applications/RFduino.app/Contents/Java/hardware/tools/gcc-arm-none-eabi-4.8.3-2014q1/bin/../lib/gcc/arm-none-eabi/4.8.3/../../../../arm-none-eabi/lib/armv6-m/libstdc++_s.a(eh_terminate.o) (__cxxabiv1::__terminate_handler)
/Applications/RFduino.app/Contents/Java/hardware/tools/gcc-arm-none-eabi-4.8.3-2014q1/bin/../lib/gcc/arm-none-eabi/4.8.3/../../../../arm-none-eabi/lib/armv6-m/libstdc++_s.a(vterminate.o)
                              /Applications/RFduino.app/Contents/Java/hardware/tools/gcc-arm-none-eabi-4.8.3-2014q1/bin/../lib/gcc/arm-none-eabi/4.8.3/../../../../arm-none-eabi/lib/armv6-m/libstdc++_s.a(eh_term_handler.o) (__gnu_cxx::__verbose_terminate_handler())
/Applications/RFduino.app/Contents/Java/hardware/tools/gcc-arm-none-eabi-4.8.3-2014q1/bin/../lib/gcc/arm-none-eabi/4.8.3/../../../../arm-none-eabi/lib/armv6-m/libstdc++_s.a(cp-demangle.o)
                              /Applications/RFduino.app/Contents/Java/hardware/tools/gcc-arm-none-eabi-4.8.3-2014q1/bin/../lib/gcc/arm-none-eabi/4.8.3/../../../../arm-none-eabi/lib/armv6-m/libstdc++_s.a(vterminate.o) (__cxa_demangle)
/Applications/RFduino.app/Contents/Java/hardware/tools/gcc-arm-none-eabi-4.8.3-2014q1/bin/../lib/gcc/arm-none-eabi/4.8.3/../../../../arm-none-eabi/lib/armv6-m/libstdc++_s.a(eh_type.o)
                              /Applications/RFduino.app/Contents/Java/hardware/tools/gcc-arm-none-eabi-4.8.3-2014q1/bin/../lib/gcc/arm-none-eabi/4.8.3/../../../../arm-none-eabi/lib/armv6-m/libstdc++_s.a(vterminate.o) (__cxa_current_exception_type)
[...]
Memory Configuration

Name             Origin             Length             Attributes
rom              0x000000000001f000 0x0000000000020000 xr
ram              0x0000000020002000 0x0000000000002000 xrw
*default*        0x0000000000000000 0xffffffffffffffff

Linker script and memory map

LOAD /Applications/RFduino.app/Contents/Java/hardware/tools/gcc-arm-none-eabi-4.8.3-2014q1/bin/../lib/gcc/arm-none-eabi/4.8.3/armv6-m/crti.o
LOAD /Applications/RFduino.app/Contents/Java/hardware/tools/gcc-arm-none-eabi-4.8.3-2014q1/bin/../lib/gcc/arm-none-eabi/4.8.3/armv6-m/crtbegin.o
LOAD /Applications/RFduino.app/Contents/Java/hardware/tools/gcc-arm-none-eabi-4.8.3-2014q1/bin/../lib/gcc/arm-none-eabi/4.8.3/../../../../arm-none-eabi/lib/armv6-m/crt0.o
START GROUP
LOAD Builds/syscalls.c.o
LOAD Builds/Actuator.cpp.o
LOAD Builds/LocalLibrary.cpp.o
LOAD Builds/dht.cpp.o
LOAD Builds/main.cpp.o
LOAD Builds/variant.cpp.o
LOAD /Applications/RFduino.app/Contents/Java/hardware/arduino/RFduino/variants/RFduino/libRFduino.a
LOAD /Applications/RFduino.app/Contents/Java/hardware/arduino/RFduino/variants/RFduino/libRFduinoBLE.a
LOAD /Applications/RFduino.app/Contents/Java/hardware/arduino/RFduino/variants/RFduino/libRFduinoGZLL.a
LOAD /Applications/RFduino.app/Contents/Java/hardware/arduino/RFduino/variants/RFduino/libRFduinoSystem.a
LOAD Builds/embeddedcomputing.a
END GROUP
LOAD /Applications/RFduino.app/Contents/Java/hardware/tools/gcc-arm-none-eabi-4.8.3-2014q1/bin/../lib/gcc/arm-none-eabi/4.8.3/../../../../arm-none-eabi/lib/armv6-m/libstdc++_s.a
LOAD /Applications/RFduino.app/Contents/Java/hardware/tools/gcc-arm-none-eabi-4.8.3-2014q1/bin/../lib/gcc/arm-none-eabi/4.8.3/../../../../arm-none-eabi/lib/armv6-m/libm.a
START GROUP
LOAD /Applications/RFduino.app/Contents/Java/hardware/tools/gcc-arm-none-eabi-4.8.3-2014q1/bin/../lib/gcc/arm-none-eabi/4.8.3/armv6-m/libgcc.a
LOAD /Applications/RFduino.app/Contents/Java/hardware/tools/gcc-arm-none-eabi-4.8.3-2014q1/bin/../lib/gcc/arm-none-eabi/4.8.3/../../../../arm-none-eabi/lib/armv6-m/libc_s.a
END GROUP
START GROUP
LOAD /Applications/RFduino.app/Contents/Java/hardware/tools/gcc-arm-none-eabi-4.8.3-2014q1/bin/../lib/gcc/arm-none-eabi/4.8.3/armv6-m/libgcc.a
LOAD /Applications/RFduino.app/Contents/Java/hardware/tools/gcc-arm-none-eabi-4.8.3-2014q1/bin/../lib/gcc/arm-none-eabi/4.8.3/../../../../arm-none-eabi/lib/armv6-m/libc_s.a
END GROUP
LOAD /Applications/RFduino.app/Contents/Java/hardware/tools/gcc-arm-none-eabi-4.8.3-2014q1/bin/../lib/gcc/arm-none-eabi/4.8.3/armv6-m/crtend.o
LOAD /Applications/RFduino.app/Contents/Java/hardware/tools/gcc-arm-none-eabi-4.8.3-2014q1/bin/../lib/gcc/arm-none-eabi/4.8.3/armv6-m/crtn.o

.text           0x000000000001f000     0x30f8
                0x000000000001f000                . = ALIGN (0x4)
                0x000000000001f000                _sfixed = .
 *(.vectors .vectors.*)
 .vectors       0x000000000001f000       0xc0 /Applications/RFduino.app/Contents/Java/hardware/arduino/RFduino/variants/RFduino/libRFduinoSystem.a(startup_nrf51822.o)
                0x000000000001f000                vector_table
 *(.text .text.* .gnu.linkonce.t.*)
 .text          0x000000000001f0c0       0x60 /Applications/RFduino.app/Contents/Java/hardware/tools/gcc-arm-none-eabi-4.8.3-2014q1/bin/../lib/gcc/arm-none-eabi/4.8.3/armv6-m/crtbegin.o
 .text._ZN8ActuatorC2Ev
                0x000000000001f120        0x2 Builds/Actuator.cpp.o
                0x000000000001f120                Actuator::Actuator()
                0x000000000001f120                Actuator::Actuator()
 .text._ZN8Actuator6setPinEi
                0x000000000001f122        0xe Builds/Actuator.cpp.o
                0x000000000001f122                Actuator::setPin(int)
 .text._ZN8Actuator5stateEv
                0x000000000001f130        0x4 Builds/Actuator.cpp.o
                0x000000000001f130                Actuator::state()
 .text._ZN8Actuator8setStateEb
                0x000000000001f134        0xc Builds/Actuator.cpp.o
                0x000000000001f134                Actuator::setState(bool)
 .text._ZN3dht11_readSensorEhh
                0x000000000001f140       0xfc Builds/dht.cpp.o
                0x000000000001f140                dht::_readSensor(unsigned char, unsigned char)
 *fill*         0x000000000001f23c        0x4 
 .text._ZN3dht6read11Eh
                0x000000000001f240       0x50 Builds/dht.cpp.o
                0x000000000001f240                dht::read11(unsigned char)
 .text.setup    0x000000000001f290       0x50 Builds/main.cpp.o
                0x000000000001f290                setup
 .text.loop     0x000000000001f2e0      0x1ec Builds/main.cpp.o
                0x000000000001f2e0                loop
 .text.startup.main
                0x000000000001f4cc       0x10 Builds/main.cpp.o
                0x000000000001f4cc                main
 .text.startup._GLOBAL__sub_I_main
                0x000000000001f4dc       0x24 Builds/main.cpp.o
 .text._Z15UART0_Interruptv
                0x000000000001f500       0x10 Builds/variant.cpp.o
                0x000000000001f500                UART0_Interrupt()
 .text.rtc_config
                0x000000000001f510       0x34 Builds/variant.cpp.o
                0x000000000001f510                rtc_config
 .text.init     0x000000000001f544        0x8 Builds/variant.cpp.o
                0x000000000001f544                init
 .text.UART0_TXD
                0x000000000001f54c       0x20 Builds/variant.cpp.o
                0x000000000001f54c                UART0_TXD
 .text.UART0_RXReset
                0x000000000001f56c        0xc Builds/variant.cpp.o
                0x000000000001f56c                UART0_RXReset
 .text.UART0_TXReset
                0x000000000001f578        0xc Builds/variant.cpp.o
                0x000000000001f578                UART0_TXReset
 .text.UART0_RXErrorReset
                0x000000000001f584       0x28 Builds/variant.cpp.o
                0x000000000001f584                UART0_RXErrorReset
 .text.startup._GLOBAL__sub_I_rxBuffer
                0x000000000001f5ac       0x2c Builds/variant.cpp.o
 .text.UART0_TX
                0x000000000001f5d8       0x10 Builds/variant.cpp.o
                0x000000000001f5d8                UART0_TX
 .text.UART0_Start
                0x000000000001f5e8      0x1d0 Builds/variant.cpp.o
                0x000000000001f5e8                UART0_Start
 .text.sd_nvic_EnableIRQ
                0x000000000001f7b8        0x4 /Applications/RFduino.app/Contents/Java/hardware/arduino/RFduino/variants/RFduino/libRFduino.a(libRFduino.o)
 .text.sd_nvic_SetPriority
                0x000000000001f7bc        0x4 /Applications/RFduino.app/Contents/Java/hardware/arduino/RFduino/variants/RFduino/libRFduino.a(libRFduino.o)
 .text.sd_ppi_channel_enable_clr
                0x000000000001f7c0        0x4 /Applications/RFduino.app/Contents/Java/hardware/arduino/RFduino/variants/RFduino/libRFduino.a(libRFduino.o)
 .text.NVIC_SetPriority
                0x000000000001f7c4       0x64 /Applications/RFduino.app/Contents/Java/hardware/arduino/RFduino/variants/RFduino/libRFduino.a(libRFduino.o)
 .text.rfduino_ppi_channel_unassign
                0x000000000001f828       0x28 /Applications/RFduino.app/Contents/Java/hardware/arduino/RFduino/variants/RFduino/libRFduino.a(libRFduino.o)
                0x000000000001f828                rfduino_ppi_channel_unassign
 .text.rfduino_nvic_enableirq
                0x000000000001f850       0x40 /Applications/RFduino.app/Contents/Java/hardware/arduino/RFduino/variants/RFduino/libRFduino.a(libRFduino.o)
                0x000000000001f850                rfduino_nvic_enableirq
 .text.attachInterrupt
                0x000000000001f890       0x14 Builds/embeddedcomputing.a(WInterrupts.c.o)
                0x000000000001f890                attachInterrupt
 *fill*         0x000000000001f8a4        0x4 
 .text.RTC1_Interrupt
                0x000000000001f8a8       0x48 Builds/embeddedcomputing.a(wiring.c.o)
                0x000000000001f8a8                RTC1_Interrupt
 .text.millis64
                0x000000000001f8f0       0x40 Builds/embeddedcomputing.a(wiring.c.o)
                0x000000000001f8f0                millis64
 .text.micros64
                0x000000000001f930       0x40 Builds/embeddedcomputing.a(wiring.c.o)
                0x000000000001f930                micros64
 .text.millis   0x000000000001f970        0x8 Builds/embeddedcomputing.a(wiring.c.o)
                0x000000000001f970                millis
 .text.micros   0x000000000001f978        0x8 Builds/embeddedcomputing.a(wiring.c.o)
                0x000000000001f978                micros
 .text.delay    0x000000000001f980       0x1c Builds/embeddedcomputing.a(wiring.c.o)
                0x000000000001f980                delay
 .text.delayMicroseconds
                0x000000000001f99c       0x1e Builds/embeddedcomputing.a(wiring.c.o)
                0x000000000001f99c                delayMicroseconds
 *fill*         0x000000000001f9ba        0x2 
 .text.pinMode  0x000000000001f9bc       0x74 Builds/embeddedcomputing.a(wiring_digital.c.o)
                0x000000000001f9bc                pinMode
 .text.digitalWrite
                0x000000000001fa30       0x38 Builds/embeddedcomputing.a(wiring_digital.c.o)
                0x000000000001fa30                digitalWrite
 .text.digitalRead
                0x000000000001fa68       0x2c Builds/embeddedcomputing.a(wiring_digital.c.o)
                0x000000000001fa68                digitalRead
 .text._ZN5Print5writeEPKhj
                0x000000000001fa94       0x22 Builds/embeddedcomputing.a(Print.cpp.o)
                0x000000000001fa94                Print::write(unsigned char const*, unsigned int)
 .text._ZN5Print5writeEPKc
                0x000000000001fab6       0x20 Builds/embeddedcomputing.a(Print.cpp.o)
                0x000000000001fab6                Print::write(char const*)
 .text._ZN5Print5printEPKc
                0x000000000001fad6        0x8 Builds/embeddedcomputing.a(Print.cpp.o)
                0x000000000001fad6                Print::print(char const*)
 .text._ZN5Print5printEc
                0x000000000001fade        0xa Builds/embeddedcomputing.a(Print.cpp.o)
                0x000000000001fade                Print::print(char)
 .text._ZN5Print7printlnEv
                0x000000000001fae8       0x18 Builds/embeddedcomputing.a(Print.cpp.o)
                0x000000000001fae8                Print::println()
 .text._ZN5Print7printlnEPKc
                0x000000000001fb00       0x14 Builds/embeddedcomputing.a(Print.cpp.o)
                0x000000000001fb00                Print::println(char const*)
 .text._ZN5Print11printNumberEmh
                0x000000000001fb14       0x4e Builds/embeddedcomputing.a(Print.cpp.o)
                0x000000000001fb14                Print::printNumber(unsigned long, unsigned char)
 .text._ZN5Print5printEli
                0x000000000001fb62       0x3c Builds/embeddedcomputing.a(Print.cpp.o)
                0x000000000001fb62                Print::print(long, int)
 .text._ZN5Print5printEii
                0x000000000001fb9e        0x8 Builds/embeddedcomputing.a(Print.cpp.o)
                0x000000000001fb9e                Print::print(int, int)
 *fill*         0x000000000001fba6        0x2 
 .text._ZN5Print10printFloatEdh
                0x000000000001fba8      0x170 Builds/embeddedcomputing.a(Print.cpp.o)
                0x000000000001fba8                Print::printFloat(double, unsigned char)
 .text._ZN5Print5printEdi
                0x000000000001fd18        0xe Builds/embeddedcomputing.a(Print.cpp.o)
                0x000000000001fd18                Print::print(double, int)
 .text._ZN10RingBufferC2Ev
                0x000000000001fd26       0x16 Builds/embeddedcomputing.a(RingBuffer.cpp.o)
                0x000000000001fd26                RingBuffer::RingBuffer()
                0x000000000001fd26                RingBuffer::RingBuffer()
 .text._ZN10RingBuffer10store_charEh
                0x000000000001fd3c       0x16 Builds/embeddedcomputing.a(RingBuffer.cpp.o)
                0x000000000001fd3c                RingBuffer::store_char(unsigned char)
 .text._ZN9UARTClasscvbEv
                0x000000000001fd52        0x4 Builds/embeddedcomputing.a(UARTClass.cpp.o)
                0x000000000001fd52                UARTClass::operator bool()
 .text._ZN9UARTClass9availableEv
                0x000000000001fd56       0x10 Builds/embeddedcomputing.a(UARTClass.cpp.o)
                0x000000000001fd56                UARTClass::available()
 .text._ZN9UARTClass4peekEv
                0x000000000001fd66       0x16 Builds/embeddedcomputing.a(UARTClass.cpp.o)
                0x000000000001fd66                UARTClass::peek()
 .text._ZN9UARTClass4readEv
                0x000000000001fd7c       0x20 Builds/embeddedcomputing.a(UARTClass.cpp.o)
                0x000000000001fd7c                UARTClass::read()
 .text._ZN9UARTClass5flushEv
                0x000000000001fd9c        0x8 Builds/embeddedcomputing.a(UARTClass.cpp.o)
                0x000000000001fd9c                UARTClass::flush()
 .text._ZN9UARTClassC2EP10RingBufferS1_
                0x000000000001fda4       0x1c Builds/embeddedcomputing.a(UARTClass.cpp.o)
                0x000000000001fda4                UARTClass::UARTClass(RingBuffer*, RingBuffer*)
                0x000000000001fda4                UARTClass::UARTClass(RingBuffer*, RingBuffer*)
 .text._ZN9UARTClass5beginEm
                0x000000000001fdc0       0x12 Builds/embeddedcomputing.a(UARTClass.cpp.o)
                0x000000000001fdc0                UARTClass::begin(unsigned long)
 .text._ZN9UARTClass2txEv
                0x000000000001fdd2       0x2a Builds/embeddedcomputing.a(UARTClass.cpp.o)
                0x000000000001fdd2                UARTClass::tx()
 .text._ZN9UARTClass5writeEh
                0x000000000001fdfc       0x44 Builds/embeddedcomputing.a(UARTClass.cpp.o)
                0x000000000001fdfc                UARTClass::write(unsigned char)
 .text._ZN9UARTClass10IrqHandlerEv
                0x000000000001fe40       0x54 Builds/embeddedcomputing.a(UARTClass.cpp.o)
                0x000000000001fe40                UARTClass::IrqHandler()
 .text.__empty  0x000000000001fe94        0x2 Builds/embeddedcomputing.a(hooks.c.o)
                0x000000000001fe94                yield
 *fill*         0x000000000001fe96        0x2 
 .text.turn_Off_GPIOTE_PPI_from_GPIO
                0x000000000001fe98       0x7c Builds/embeddedcomputing.a(wiring_analog.c.o)
                0x000000000001fe98                turn_Off_GPIOTE_PPI_from_GPIO
 .text.Default_Handler
                0x000000000001ff14       0x1c /Applications/RFduino.app/Contents/Java/hardware/arduino/RFduino/variants/RFduino/libRFduinoSystem.a(startup_nrf51822.o)
                0x000000000001ff14                SWI1_IRQHandler
                0x000000000001ff14                SPI0_TWI0_IRQHandler
                0x000000000001ff14                RTC0_IRQHandler
                0x000000000001ff14                HardFault_Handler
                0x000000000001ff14                SysTick_Handler
                0x000000000001ff14                GPIOTE_IRQHandler
                0x000000000001ff14                PendSV_Handler
                0x000000000001ff14                NMI_Handler
                0x000000000001ff14                POWER_CLOCK_IRQHandler
                0x000000000001ff14                RADIO_IRQHandler
                0x000000000001ff14                SWI4_IRQHandler
                0x000000000001ff14                TEMP_IRQHandler
                0x000000000001ff14                QDEC_IRQHandler
                0x000000000001ff14                UART0_IRQHandler
                0x000000000001ff14                SWI5_IRQHandler
                0x000000000001ff14                TIMER0_IRQHandler
                0x000000000001ff14                SWI0_IRQHandler
                0x000000000001ff14                TIMER1_IRQHandler
                0x000000000001ff14                ECB_IRQHandler
                0x000000000001ff14                Default_Handler
                0x000000000001ff14                ADC_IRQHandler
                0x000000000001ff14                SWI3_IRQHandler
                0x000000000001ff14                CCM_AAR_IRQHandler
                0x000000000001ff14                WDT_IRQHandler
                0x000000000001ff14                SVC_Handler
                0x000000000001ff14                SWI2_IRQHandler
                0x000000000001ff14                RNG_IRQHandler
                0x000000000001ff14                SPI1_TWI1_IRQHandler
                0x000000000001ff14                RTC1_IRQHandler
                0x000000000001ff14                WUCOMP_IRQHandler
                0x000000000001ff14                TIMER2_IRQHandler
 .text.Default_Dynamic_Handler
                0x000000000001ff30        0x2 /Applications/RFduino.app/Contents/Java/hardware/arduino/RFduino/variants/RFduino/libRFduinoSystem.a(startup_nrf51822.o)
                0x000000000001ff30                Default_Dynamic_Handler
 *fill*         0x000000000001ff32        0x2 
 .text.Reset_Handler
                0x000000000001ff34       0x58 /Applications/RFduino.app/Contents/Java/hardware/arduino/RFduino/variants/RFduino/libRFduinoSystem.a(startup_nrf51822.o)
                0x000000000001ff34                Reset_Handler
 .text.SystemInit
                0x000000000001ff8c       0x2c /Applications/RFduino.app/Contents/Java/hardware/arduino/RFduino/variants/RFduino/libRFduinoSystem.a(system_nrf51.o)
                0x000000000001ff8c                SystemInit
 .text.__fpclassifyd
                0x000000000001ffb8       0x60 /Applications/RFduino.app/Contents/Java/hardware/tools/gcc-arm-none-eabi-4.8.3-2014q1/bin/../lib/gcc/arm-none-eabi/4.8.3/../../../../arm-none-eabi/lib/armv6-m/libm.a(lib_a-s_fpclassify.o)
                0x000000000001ffb8                __fpclassifyd
 .text          0x0000000000020018       0x14 /Applications/RFduino.app/Contents/Java/hardware/tools/gcc-arm-none-eabi-4.8.3-2014q1/bin/../lib/gcc/arm-none-eabi/4.8.3/armv6-m/libgcc.a(_thumb1_case_uqi.o)
                0x0000000000020018                __gnu_thumb1_case_uqi
 .text          0x000000000002002c       0x9c /Applications/RFduino.app/Contents/Java/hardware/tools/gcc-arm-none-eabi-4.8.3-2014q1/bin/../lib/gcc/arm-none-eabi/4.8.3/armv6-m/libgcc.a(_udivsi3.o)
                0x000000000002002c                __udivsi3
                0x000000000002002c                __aeabi_uidiv
                0x00000000000200b4                __aeabi_uidivmod
 .text          0x00000000000200c8        0x4 /Applications/RFduino.app/Contents/Java/hardware/tools/gcc-arm-none-eabi-4.8.3-2014q1/bin/../lib/gcc/arm-none-eabi/4.8.3/armv6-m/libgcc.a(_dvmd_tls.o)
                0x00000000000200c8                __aeabi_ldiv0
                0x00000000000200c8                __aeabi_idiv0
 .text          0x00000000000200cc       0x7c /Applications/RFduino.app/Contents/Java/hardware/tools/gcc-arm-none-eabi-4.8.3-2014q1/bin/../lib/gcc/arm-none-eabi/4.8.3/armv6-m/libgcc.a(_arm_cmpdf2.o)
                0x00000000000200cc                __aeabi_cdrcmple
                0x00000000000200dc                __aeabi_cdcmple
                0x00000000000200dc                __aeabi_cdcmpeq
                0x00000000000200ec                __aeabi_dcmpeq
                0x00000000000200f8                __aeabi_dcmplt
                0x000000000002010c                __aeabi_dcmple
                0x0000000000020120                __aeabi_dcmpgt
                0x0000000000020134                __aeabi_dcmpge
 .text          0x0000000000020148       0x44 /Applications/RFduino.app/Contents/Java/hardware/tools/gcc-arm-none-eabi-4.8.3-2014q1/bin/../lib/gcc/arm-none-eabi/4.8.3/armv6-m/libgcc.a(_muldi3.o)
                0x0000000000020148                __aeabi_lmul
                0x0000000000020148                __muldi3
 *fill*         0x000000000002018c        0x4 
 .text          0x0000000000020190       0x40 /Applications/RFduino.app/Contents/Java/hardware/tools/gcc-arm-none-eabi-4.8.3-2014q1/bin/../lib/gcc/arm-none-eabi/4.8.3/armv6-m/libgcc.a(_fixunsdfsi.o)
                0x0000000000020190                __fixunsdfsi
                0x0000000000020190                __aeabi_d2uiz
 .text          0x00000000000201d0      0x638 /Applications/RFduino.app/Contents/Java/hardware/tools/gcc-arm-none-eabi-4.8.3-2014q1/bin/../lib/gcc/arm-none-eabi/4.8.3/armv6-m/libgcc.a(adddf3.o)
                0x00000000000201d0                __aeabi_dadd
 .text          0x0000000000020808      0x648 /Applications/RFduino.app/Contents/Java/hardware/tools/gcc-arm-none-eabi-4.8.3-2014q1/bin/../lib/gcc/arm-none-eabi/4.8.3/armv6-m/libgcc.a(divdf3.o)
                0x0000000000020808                __aeabi_ddiv
 .text          0x0000000000020e50       0x94 /Applications/RFduino.app/Contents/Java/hardware/tools/gcc-arm-none-eabi-4.8.3-2014q1/bin/../lib/gcc/arm-none-eabi/4.8.3/armv6-m/libgcc.a(eqdf2.o)
                0x0000000000020e50                __eqdf2
                0x0000000000020e50                __nedf2
 .text          0x0000000000020ee4       0xfc /Applications/RFduino.app/Contents/Java/hardware/tools/gcc-arm-none-eabi-4.8.3-2014q1/bin/../lib/gcc/arm-none-eabi/4.8.3/armv6-m/libgcc.a(gedf2.o)
                0x0000000000020ee4                __gtdf2
                0x0000000000020ee4                __gedf2
 .text          0x0000000000020fe0       0xfc /Applications/RFduino.app/Contents/Java/hardware/tools/gcc-arm-none-eabi-4.8.3-2014q1/bin/../lib/gcc/arm-none-eabi/4.8.3/armv6-m/libgcc.a(ledf2.o)
                0x0000000000020fe0                __ltdf2
                0x0000000000020fe0                __ledf2
 .text          0x00000000000210dc      0x520 /Applications/RFduino.app/Contents/Java/hardware/tools/gcc-arm-none-eabi-4.8.3-2014q1/bin/../lib/gcc/arm-none-eabi/4.8.3/armv6-m/libgcc.a(muldf3.o)
                0x00000000000210dc                __aeabi_dmul
 .text          0x00000000000215fc      0x654 /Applications/RFduino.app/Contents/Java/hardware/tools/gcc-arm-none-eabi-4.8.3-2014q1/bin/../lib/gcc/arm-none-eabi/4.8.3/armv6-m/libgcc.a(subdf3.o)
                0x00000000000215fc                __aeabi_dsub
 .text          0x0000000000021c50       0x68 /Applications/RFduino.app/Contents/Java/hardware/tools/gcc-arm-none-eabi-4.8.3-2014q1/bin/../lib/gcc/arm-none-eabi/4.8.3/armv6-m/libgcc.a(fixdfsi.o)
                0x0000000000021c50                __aeabi_d2iz
 .text          0x0000000000021cb8       0x7c /Applications/RFduino.app/Contents/Java/hardware/tools/gcc-arm-none-eabi-4.8.3-2014q1/bin/../lib/gcc/arm-none-eabi/4.8.3/armv6-m/libgcc.a(floatsidf.o)
                0x0000000000021cb8                __aeabi_i2d
 .text          0x0000000000021d34       0x68 /Applications/RFduino.app/Contents/Java/hardware/tools/gcc-arm-none-eabi-4.8.3-2014q1/bin/../lib/gcc/arm-none-eabi/4.8.3/armv6-m/libgcc.a(floatunsidf.o)
                0x0000000000021d34                __aeabi_ui2d
 .text          0x0000000000021d9c       0x3c /Applications/RFduino.app/Contents/Java/hardware/tools/gcc-arm-none-eabi-4.8.3-2014q1/bin/../lib/gcc/arm-none-eabi/4.8.3/armv6-m/libgcc.a(_clzsi2.o)
                0x0000000000021d9c                __clzsi2
 .text.__libc_init_array
                0x0000000000021dd8       0x4c /Applications/RFduino.app/Contents/Java/hardware/tools/gcc-arm-none-eabi-4.8.3-2014q1/bin/../lib/gcc/arm-none-eabi/4.8.3/../../../../arm-none-eabi/lib/armv6-m/libc_s.a(lib_a-init.o)
                0x0000000000021dd8                __libc_init_array
 .text.memset   0x0000000000021e24       0x10 /Applications/RFduino.app/Contents/Java/hardware/tools/gcc-arm-none-eabi-4.8.3-2014q1/bin/../lib/gcc/arm-none-eabi/4.8.3/../../../../arm-none-eabi/lib/armv6-m/libc_s.a(lib_a-memset.o)
                0x0000000000021e24                memset
 .text.strlen   0x0000000000021e34        0xe /Applications/RFduino.app/Contents/Java/hardware/tools/gcc-arm-none-eabi-4.8.3-2014q1/bin/../lib/gcc/arm-none-eabi/4.8.3/../../../../arm-none-eabi/lib/armv6-m/libc_s.a(lib_a-strlen.o)
                0x0000000000021e34                strlen
 *(.glue_7t)
 .glue_7t       0x0000000000000000        0x0 linker stubs
 *(.glue_7)
 .glue_7        0x0000000000000000        0x0 linker stubs
 *(.rodata .rodata* .gnu.linkonce.r.*)
 .rodata.str1.1
                0x0000000000021e42      0x12e Builds/main.cpp.o
                                        0x12f (size before relaxing)
 .rodata.str1.1
                0x0000000000021f70       0xa5 Builds/variant.cpp.o
 .rodata.str1.1
                0x0000000000022015        0xc Builds/embeddedcomputing.a(Print.cpp.o)
                                          0xe (size before relaxing)
 *fill*         0x0000000000022021        0x7 
 .rodata._ZTV9UARTClass
                0x0000000000022028       0x28 Builds/embeddedcomputing.a(UARTClass.cpp.o)
                0x0000000000022028                vtable for UARTClass
 .rodata        0x0000000000022050       0x40 /Applications/RFduino.app/Contents/Java/hardware/tools/gcc-arm-none-eabi-4.8.3-2014q1/bin/../lib/gcc/arm-none-eabi/4.8.3/armv6-m/libgcc.a(divdf3.o)
 .rodata        0x0000000000022090       0x40 /Applications/RFduino.app/Contents/Java/hardware/tools/gcc-arm-none-eabi-4.8.3-2014q1/bin/../lib/gcc/arm-none-eabi/4.8.3/armv6-m/libgcc.a(muldf3.o)
 *(.ARM.extab* .gnu.linkonce.armextab.*)
                0x00000000000220d0                . = ALIGN (0x4)
 *(.init)
 .init          0x00000000000220d0        0x4 /Applications/RFduino.app/Contents/Java/hardware/tools/gcc-arm-none-eabi-4.8.3-2014q1/bin/../lib/gcc/arm-none-eabi/4.8.3/armv6-m/crti.o
                0x00000000000220d0                _init
 .init          0x00000000000220d4        0x8 /Applications/RFduino.app/Contents/Java/hardware/tools/gcc-arm-none-eabi-4.8.3-2014q1/bin/../lib/gcc/arm-none-eabi/4.8.3/armv6-m/crtn.o
                0x00000000000220dc                . = ALIGN (0x4)
                0x00000000000220dc                __preinit_array_start = .
 *(.preinit_array)
                0x00000000000220dc                __preinit_array_end = .
                0x00000000000220dc                . = ALIGN (0x4)
                0x00000000000220dc                __init_array_start = .
 *(SORT(.init_array.*))
 *(.init_array)
 .init_array    0x00000000000220dc        0x4 /Applications/RFduino.app/Contents/Java/hardware/tools/gcc-arm-none-eabi-4.8.3-2014q1/bin/../lib/gcc/arm-none-eabi/4.8.3/armv6-m/crtbegin.o
 .init_array    0x00000000000220e0        0x4 Builds/main.cpp.o
 .init_array    0x00000000000220e4        0x4 Builds/variant.cpp.o
                0x00000000000220e8                __init_array_end = .
                0x00000000000220e8                . = ALIGN (0x4)
 *crtbegin.o(.ctors)
 *(EXCLUDE_FILE(*crtend.o) .ctors)
 *(SORT(.ctors.*))
 *crtend.o(.ctors)
                0x00000000000220e8                . = ALIGN (0x4)
 *(.fini)
 .fini          0x00000000000220e8        0x4 /Applications/RFduino.app/Contents/Java/hardware/tools/gcc-arm-none-eabi-4.8.3-2014q1/bin/../lib/gcc/arm-none-eabi/4.8.3/armv6-m/crti.o
                0x00000000000220e8                _fini
 .fini          0x00000000000220ec        0x8 /Applications/RFduino.app/Contents/Java/hardware/tools/gcc-arm-none-eabi-4.8.3-2014q1/bin/../lib/gcc/arm-none-eabi/4.8.3/armv6-m/crtn.o
                0x00000000000220f4                . = ALIGN (0x4)
                0x00000000000220f4                __fini_array_start = .
 *(.fini_array)
 .fini_array    0x00000000000220f4        0x4 /Applications/RFduino.app/Contents/Java/hardware/tools/gcc-arm-none-eabi-4.8.3-2014q1/bin/../lib/gcc/arm-none-eabi/4.8.3/armv6-m/crtbegin.o
 *(SORT(.fini_array.*))
                0x00000000000220f8                __fini_array_end = .
 *crtbegin.o(.dtors)
 *(EXCLUDE_FILE(*crtend.o) .dtors)
 *(SORT(.dtors.*))
 *crtend.o(.dtors)
                0x00000000000220f8                . = ALIGN (0x4)
                0x00000000000220f8                _efixed = .
                0x00000000000220f8                PROVIDE (__exidx_start, .)

.vfp11_veneer   0x00000000000220f8        0x0
 .vfp11_veneer  0x0000000000000000        0x0 linker stubs

.v4_bx          0x00000000000220f8        0x0
 .v4_bx         0x0000000000000000        0x0 linker stubs

.iplt           0x00000000000220f8        0x0
 .iplt          0x0000000000000000        0x0 /Applications/RFduino.app/Contents/Java/hardware/tools/gcc-arm-none-eabi-4.8.3-2014q1/bin/../lib/gcc/arm-none-eabi/4.8.3/armv6-m/crtbegin.o

.eh_frame       0x00000000000220f8        0x0
 .eh_frame      0x00000000000220f8        0x0 /Applications/RFduino.app/Contents/Java/hardware/tools/gcc-arm-none-eabi-4.8.3-2014q1/bin/../lib/gcc/arm-none-eabi/4.8.3/armv6-m/crtbegin.o

.rel.dyn        0x00000000000220f8        0x0
 .rel.iplt      0x0000000000000000        0x0 /Applications/RFduino.app/Contents/Java/hardware/tools/gcc-arm-none-eabi-4.8.3-2014q1/bin/../lib/gcc/arm-none-eabi/4.8.3/armv6-m/crtbegin.o

.jcr            0x00000000000220f8        0x0
 .jcr           0x00000000000220f8        0x0 /Applications/RFduino.app/Contents/Java/hardware/tools/gcc-arm-none-eabi-4.8.3-2014q1/bin/../lib/gcc/arm-none-eabi/4.8.3/armv6-m/crtbegin.o

.igot.plt       0x00000000000220f8        0x0
 .igot.plt      0x0000000000000000        0x0 /Applications/RFduino.app/Contents/Java/hardware/tools/gcc-arm-none-eabi-4.8.3-2014q1/bin/../lib/gcc/arm-none-eabi/4.8.3/armv6-m/crtbegin.o

.ARM.exidx
 *(.ARM.exidx* .gnu.linkonce.armexidx.*)
                0x00000000000220f8                PROVIDE (__exidx_end, .)
                0x00000000000220f8                . = ALIGN (0x4)
                0x00000000000220f8                _etext = .

.relocate       0x0000000020002000       0xf0 load address 0x00000000000220f8
                0x0000000020002000                . = ALIGN (0x4)
                0x0000000020002000                _srelocate = .
 *(.ramfunc .ramfunc.*)
 *(.data .data.*)
 .data.temperature
                0x0000000020002000        0x4 Builds/main.cpp.o
                0x0000000020002000                temperature
 .data.targetTemperature
                0x0000000020002004        0x4 Builds/main.cpp.o
                0x0000000020002004                targetTemperature
 .data.humidity
                0x0000000020002008        0x4 Builds/main.cpp.o
                0x0000000020002008                humidity
 .data.interval
                0x000000002000200c        0x4 Builds/main.cpp.o
                0x000000002000200c                interval
 .data.Timer2_Compare_Unit_Occupied_by_Pin
                0x0000000020002010        0x3 Builds/variant.cpp.o
                0x0000000020002010                Timer2_Compare_Unit_Occupied_by_Pin
 .data.PPI_Channels_Occupied
                0x0000000020002013        0xe Builds/variant.cpp.o
                0x0000000020002013                PPI_Channels_Occupied
 .data.Timer1_Compare_Unit_Occupied_by_Pin
                0x0000000020002021        0x3 Builds/variant.cpp.o
                0x0000000020002021                Timer1_Compare_Unit_Occupied_by_Pin
 .data.GPIOTE_Channels_Occupied
                0x0000000020002024        0x7 Builds/variant.cpp.o
                0x0000000020002024                GPIOTE_Channels_Occupied
 *fill*         0x000000002000202b        0x1 
 .data.dynamic_handlers
                0x000000002000202c        0x4 /Applications/RFduino.app/Contents/Java/hardware/arduino/RFduino/variants/RFduino/libRFduinoSystem.a(startup_nrf51822.o)
                0x000000002000202c                dynamic_handlers
 .data.exception_handlers
                0x0000000020002030       0xc0 /Applications/RFduino.app/Contents/Java/hardware/arduino/RFduino/variants/RFduino/libRFduinoSystem.a(startup_nrf51822.o)
                0x0000000020002030                exception_handlers
                0x00000000200020f0                . = ALIGN (0x4)
                0x00000000200020f0                _erelocate = .

.bss            0x00000000200020f0      0x118 load address 0x00000000000221e8
                0x00000000200020f0                . = ALIGN (0x4)
                0x00000000200020f0                _sbss = .
                0x00000000200020f0                _szero = .
 *(.bss .bss.*)
 .bss           0x00000000200020f0       0x1c /Applications/RFduino.app/Contents/Java/hardware/tools/gcc-arm-none-eabi-4.8.3-2014q1/bin/../lib/gcc/arm-none-eabi/4.8.3/armv6-m/crtbegin.o
 .bss.previousMillis
                0x000000002000210c        0x4 Builds/main.cpp.o
                0x000000002000210c                previousMillis
 .bss.led       0x0000000020002110        0x8 Builds/main.cpp.o
                0x0000000020002110                led
 .bss.valveRelay
                0x0000000020002118        0x8 Builds/main.cpp.o
                0x0000000020002118                valveRelay
 .bss.fanRelay  0x0000000020002120        0x8 Builds/main.cpp.o
                0x0000000020002120                fanRelay
 .bss.dht       0x0000000020002128       0x18 Builds/main.cpp.o
                0x0000000020002128                dht
 .bss.UART0_State
                0x0000000020002140        0x1 Builds/variant.cpp.o
                0x0000000020002140                UART0_State
 .bss.override_uart_limit
                0x0000000020002141        0x1 Builds/variant.cpp.o
                0x0000000020002141                override_uart_limit
 *fill*         0x0000000020002142        0x2 
 .bss.Serial    0x0000000020002144       0x1c Builds/variant.cpp.o
                0x0000000020002144                Serial
 .bss.rxBuffer  0x0000000020002160       0x48 Builds/variant.cpp.o
                0x0000000020002160                rxBuffer
 .bss.txBuffer  0x00000000200021a8       0x48 Builds/variant.cpp.o
                0x00000000200021a8                txBuffer
 .bss.Pin_Occupied_for_PWM
                0x00000000200021f0        0x7 Builds/variant.cpp.o
                0x00000000200021f0                Pin_Occupied_for_PWM
 *fill*         0x00000000200021f7        0x1 
 .bss.RFduinoBLE_enabled
                0x00000000200021f8        0x4 /Applications/RFduino.app/Contents/Java/hardware/arduino/RFduino/variants/RFduino/libRFduino.a(libRFduino.o)
                0x00000000200021f8                RFduinoBLE_enabled
 *fill*         0x00000000200021fc        0x4 
 .bss.rtc1      0x0000000020002200        0x8 Builds/embeddedcomputing.a(wiring.c.o)
                0x0000000020002200                rtc1
 *(COMMON)
                0x0000000020002208                . = ALIGN (0x4)
                0x0000000020002208                _ebss = .
                0x0000000020002208                _ezero = .
                0x0000000020002208                . = ALIGN (0x4)
                0x0000000020002208                _end = .

.stack_dummy    0x0000000020002208        0x0
 *(.stack*)
                0x0000000020004000                __StackTop = (ORIGIN (ram) + 0x2000)
                0x0000000020004000                __StackLimit = (__StackTop - SIZEOF (.stack_dummy))
                0x0000000020004000                PROVIDE (_sstack, __StackLimit)
                0x0000000020004000                PROVIDE (_estack, __StackTop)
                0x00000000000221e8                _etextrelocate = (_etext + SIZEOF (.relocate))
                0x00000000000221e8                . = _etextrelocate

.flash          0x0000000000022400        0x0
 *(.flash)
                0x0000000000022400                _sflash = ADDR (.flash)
                0x0000000000022400                _eflash = (_sflash + SIZEOF (.flash))
OUTPUT(Builds/embeddedcomputing.elf elf32-littlearm)

.ARM.attributes
                0x0000000000000000       0x28
 .ARM.attributes
                0x0000000000000000       0x1e /Applications/RFduino.app/Contents/Java/hardware/tools/gcc-arm-none-eabi-4.8.3-2014q1/bin/../lib/gcc/arm-none-eabi/4.8.3/armv6-m/crti.o
 .ARM.attributes
                0x000000000000001e       0x2c /Applications/RFduino.app/Contents/Java/hardware/tools/gcc-arm-none-eabi-4.8.3-2014q1/bin/../lib/gcc/arm-none-eabi/4.8.3/armv6-m/crtbegin.o
 .ARM.attributes
                0x000000000000004a       0x31 Builds/Actuator.cpp.o
 .ARM.attributes
                0x000000000000007b       0x31 Builds/dht.cpp.o
 .ARM.attributes
                0x00000000000000ac       0x31 Builds/main.cpp.o
 .ARM.attributes
                0x00000000000000dd       0x31 Builds/variant.cpp.o
 .ARM.attributes
                0x000000000000010e       0x31 /Applications/RFduino.app/Contents/Java/hardware/arduino/RFduino/variants/RFduino/libRFduino.a(libRFduino.o)
 .ARM.attributes
                0x000000000000013f       0x31 Builds/embeddedcomputing.a(WInterrupts.c.o)
 .ARM.attributes
                0x0000000000000170       0x31 Builds/embeddedcomputing.a(wiring.c.o)
 .ARM.attributes
                0x00000000000001a1       0x31 Builds/embeddedcomputing.a(wiring_digital.c.o)
 .ARM.attributes
                0x00000000000001d2       0x31 Builds/embeddedcomputing.a(Print.cpp.o)
 .ARM.attributes
                0x0000000000000203       0x31 Builds/embeddedcomputing.a(RingBuffer.cpp.o)
 .ARM.attributes
                0x0000000000000234       0x31 Builds/embeddedcomputing.a(UARTClass.cpp.o)
 .ARM.attributes
                0x0000000000000265       0x31 Builds/embeddedcomputing.a(hooks.c.o)
 .ARM.attributes
                0x0000000000000296       0x31 Builds/embeddedcomputing.a(wiring_analog.c.o)
 .ARM.attributes
                0x00000000000002c7       0x31 /Applications/RFduino.app/Contents/Java/hardware/arduino/RFduino/variants/RFduino/libRFduinoSystem.a(startup_nrf51822.o)
 .ARM.attributes
                0x00000000000002f8       0x31 /Applications/RFduino.app/Contents/Java/hardware/arduino/RFduino/variants/RFduino/libRFduinoSystem.a(system_nrf51.o)
 .ARM.attributes
                0x0000000000000329       0x2c /Applications/RFduino.app/Contents/Java/hardware/tools/gcc-arm-none-eabi-4.8.3-2014q1/bin/../lib/gcc/arm-none-eabi/4.8.3/../../../../arm-none-eabi/lib/armv6-m/libm.a(lib_a-s_fpclassify.o)
 .ARM.attributes
                0x0000000000000355       0x1e /Applications/RFduino.app/Contents/Java/hardware/tools/gcc-arm-none-eabi-4.8.3-2014q1/bin/../lib/gcc/arm-none-eabi/4.8.3/armv6-m/libgcc.a(_thumb1_case_uqi.o)
 .ARM.attributes
                0x0000000000000373       0x1e /Applications/RFduino.app/Contents/Java/hardware/tools/gcc-arm-none-eabi-4.8.3-2014q1/bin/../lib/gcc/arm-none-eabi/4.8.3/armv6-m/libgcc.a(_udivsi3.o)
 .ARM.attributes
                0x0000000000000391       0x1e /Applications/RFduino.app/Contents/Java/hardware/tools/gcc-arm-none-eabi-4.8.3-2014q1/bin/../lib/gcc/arm-none-eabi/4.8.3/armv6-m/libgcc.a(_dvmd_tls.o)
 .ARM.attributes
                0x00000000000003af       0x1e /Applications/RFduino.app/Contents/Java/hardware/tools/gcc-arm-none-eabi-4.8.3-2014q1/bin/../lib/gcc/arm-none-eabi/4.8.3/armv6-m/libgcc.a(_arm_cmpdf2.o)
 .ARM.attributes
                0x00000000000003cd       0x2c /Applications/RFduino.app/Contents/Java/hardware/tools/gcc-arm-none-eabi-4.8.3-2014q1/bin/../lib/gcc/arm-none-eabi/4.8.3/armv6-m/libgcc.a(_muldi3.o)
 .ARM.attributes
                0x00000000000003f9       0x2c /Applications/RFduino.app/Contents/Java/hardware/tools/gcc-arm-none-eabi-4.8.3-2014q1/bin/../lib/gcc/arm-none-eabi/4.8.3/armv6-m/libgcc.a(_fixunsdfsi.o)
 .ARM.attributes
                0x0000000000000425       0x2c /Applications/RFduino.app/Contents/Java/hardware/tools/gcc-arm-none-eabi-4.8.3-2014q1/bin/../lib/gcc/arm-none-eabi/4.8.3/armv6-m/libgcc.a(adddf3.o)
 .ARM.attributes
                0x0000000000000451       0x2c /Applications/RFduino.app/Contents/Java/hardware/tools/gcc-arm-none-eabi-4.8.3-2014q1/bin/../lib/gcc/arm-none-eabi/4.8.3/armv6-m/libgcc.a(divdf3.o)
 .ARM.attributes
                0x000000000000047d       0x2c /Applications/RFduino.app/Contents/Java/hardware/tools/gcc-arm-none-eabi-4.8.3-2014q1/bin/../lib/gcc/arm-none-eabi/4.8.3/armv6-m/libgcc.a(eqdf2.o)
 .ARM.attributes
                0x00000000000004a9       0x2c /Applications/RFduino.app/Contents/Java/hardware/tools/gcc-arm-none-eabi-4.8.3-2014q1/bin/../lib/gcc/arm-none-eabi/4.8.3/armv6-m/libgcc.a(gedf2.o)
 .ARM.attributes
                0x00000000000004d5       0x2c /Applications/RFduino.app/Contents/Java/hardware/tools/gcc-arm-none-eabi-4.8.3-2014q1/bin/../lib/gcc/arm-none-eabi/4.8.3/armv6-m/libgcc.a(ledf2.o)
 .ARM.attributes
                0x0000000000000501       0x2c /Applications/RFduino.app/Contents/Java/hardware/tools/gcc-arm-none-eabi-4.8.3-2014q1/bin/../lib/gcc/arm-none-eabi/4.8.3/armv6-m/libgcc.a(muldf3.o)
 .ARM.attributes
                0x000000000000052d       0x2c /Applications/RFduino.app/Contents/Java/hardware/tools/gcc-arm-none-eabi-4.8.3-2014q1/bin/../lib/gcc/arm-none-eabi/4.8.3/armv6-m/libgcc.a(subdf3.o)
 .ARM.attributes
                0x0000000000000559       0x2c /Applications/RFduino.app/Contents/Java/hardware/tools/gcc-arm-none-eabi-4.8.3-2014q1/bin/../lib/gcc/arm-none-eabi/4.8.3/armv6-m/libgcc.a(fixdfsi.o)
 .ARM.attributes
                0x0000000000000585       0x2c /Applications/RFduino.app/Contents/Java/hardware/tools/gcc-arm-none-eabi-4.8.3-2014q1/bin/../lib/gcc/arm-none-eabi/4.8.3/armv6-m/libgcc.a(floatsidf.o)
 .ARM.attributes
                0x00000000000005b1       0x2c /Applications/RFduino.app/Contents/Java/hardware/tools/gcc-arm-none-eabi-4.8.3-2014q1/bin/../lib/gcc/arm-none-eabi/4.8.3/armv6-m/libgcc.a(floatunsidf.o)
 .ARM.attributes
                0x00000000000005dd       0x1e /Applications/RFduino.app/Contents/Java/hardware/tools/gcc-arm-none-eabi-4.8.3-2014q1/bin/../lib/gcc/arm-none-eabi/4.8.3/armv6-m/libgcc.a(_clzsi2.o)
 .ARM.attributes
                0x00000000000005fb       0x2c /Applications/RFduino.app/Contents/Java/hardware/tools/gcc-arm-none-eabi-4.8.3-2014q1/bin/../lib/gcc/arm-none-eabi/4.8.3/../../../../arm-none-eabi/lib/armv6-m/libc_s.a(lib_a-init.o)
 .ARM.attributes
                0x0000000000000627       0x2c /Applications/RFduino.app/Contents/Java/hardware/tools/gcc-arm-none-eabi-4.8.3-2014q1/bin/../lib/gcc/arm-none-eabi/4.8.3/../../../../arm-none-eabi/lib/armv6-m/libc_s.a(lib_a-memset.o)
 .ARM.attributes
                0x0000000000000653       0x2c /Applications/RFduino.app/Contents/Java/hardware/tools/gcc-arm-none-eabi-4.8.3-2014q1/bin/../lib/gcc/arm-none-eabi/4.8.3/../../../../arm-none-eabi/lib/armv6-m/libc_s.a(lib_a-strlen.o)
 .ARM.attributes
                0x000000000000067f       0x1e /Applications/RFduino.app/Contents/Java/hardware/tools/gcc-arm-none-eabi-4.8.3-2014q1/bin/../lib/gcc/arm-none-eabi/4.8.3/armv6-m/crtn.o

.comment        0x0000000000000000       0x70
 .comment       0x0000000000000000       0x70 Builds/Actuator.cpp.o
                                         0x71 (size before relaxing)
 .comment       0x0000000000000000       0x71 Builds/dht.cpp.o
 .comment       0x0000000000000000       0x71 Builds/main.cpp.o
 .comment       0x0000000000000000       0x71 Builds/variant.cpp.o
 .comment       0x0000000000000000       0x71 /Applications/RFduino.app/Contents/Java/hardware/arduino/RFduino/variants/RFduino/libRFduino.a(libRFduino.o)
 .comment       0x0000000000000000       0x71 Builds/embeddedcomputing.a(WInterrupts.c.o)
 .comment       0x0000000000000000       0x71 Builds/embeddedcomputing.a(wiring.c.o)
 .comment       0x0000000000000000       0x71 Builds/embeddedcomputing.a(wiring_digital.c.o)
 .comment       0x0000000000000000       0x71 Builds/embeddedcomputing.a(Print.cpp.o)
 .comment       0x0000000000000000       0x71 Builds/embeddedcomputing.a(RingBuffer.cpp.o)
 .comment       0x0000000000000000       0x71 Builds/embeddedcomputing.a(UARTClass.cpp.o)
 .comment       0x0000000000000000       0x71 Builds/embeddedcomputing.a(hooks.c.o)
 .comment       0x0000000000000000       0x71 Builds/embeddedcomputing.a(wiring_analog.c.o)
 .comment       0x0000000000000000       0x71 /Applications/RFduino.app/Contents/Java/hardware/arduino/RFduino/variants/RFduino/libRFduinoSystem.a(startup_nrf51822.o)
 .comment       0x0000000000000000       0x71 /Applications/RFduino.app/Contents/Java/hardware/arduino/RFduino/variants/RFduino/libRFduinoSystem.a(system_nrf51.o)

.debug_info     0x0000000000000000     0x7b76
 .debug_info    0x0000000000000000      0x2c3 Builds/Actuator.cpp.o
 .debug_info    0x00000000000002c3      0x570 Builds/dht.cpp.o
 .debug_info    0x0000000000000833      0x98f Builds/main.cpp.o
 .debug_info    0x00000000000011c2      0xe48 Builds/variant.cpp.o
 .debug_info    0x000000000000200a      0x256 Builds/embeddedcomputing.a(WInterrupts.c.o)
 .debug_info    0x0000000000002260      0x3ad Builds/embeddedcomputing.a(wiring.c.o)
 .debug_info    0x000000000000260d      0x289 Builds/embeddedcomputing.a(wiring_digital.c.o)
 .debug_info    0x0000000000002896     0x24d0 Builds/embeddedcomputing.a(Print.cpp.o)
 .debug_info    0x0000000000004d66      0x1f2 Builds/embeddedcomputing.a(RingBuffer.cpp.o)
 .debug_info    0x0000000000004f58     0x1b13 Builds/embeddedcomputing.a(UARTClass.cpp.o)
 .debug_info    0x0000000000006a6b       0x60 Builds/embeddedcomputing.a(hooks.c.o)
 .debug_info    0x0000000000006acb     0x10ab Builds/embeddedcomputing.a(wiring_analog.c.o)

.debug_abbrev   0x0000000000000000     0x1b3e
 .debug_abbrev  0x0000000000000000      0x1ab Builds/Actuator.cpp.o
 .debug_abbrev  0x00000000000001ab      0x1e7 Builds/dht.cpp.o
 .debug_abbrev  0x0000000000000392      0x2dc Builds/main.cpp.o
 .debug_abbrev  0x000000000000066e      0x3c3 Builds/variant.cpp.o
 .debug_abbrev  0x0000000000000a31       0xe8 Builds/embeddedcomputing.a(WInterrupts.c.o)
 .debug_abbrev  0x0000000000000b19      0x151 Builds/embeddedcomputing.a(wiring.c.o)
 .debug_abbrev  0x0000000000000c6a      0x12c Builds/embeddedcomputing.a(wiring_digital.c.o)
 .debug_abbrev  0x0000000000000d96      0x4b3 Builds/embeddedcomputing.a(Print.cpp.o)
 .debug_abbrev  0x0000000000001249      0x170 Builds/embeddedcomputing.a(RingBuffer.cpp.o)
 .debug_abbrev  0x00000000000013b9      0x454 Builds/embeddedcomputing.a(UARTClass.cpp.o)
 .debug_abbrev  0x000000000000180d       0x47 Builds/embeddedcomputing.a(hooks.c.o)
 .debug_abbrev  0x0000000000001854      0x2ea Builds/embeddedcomputing.a(wiring_analog.c.o)

.debug_loc      0x0000000000000000     0x2483
 .debug_loc     0x0000000000000000       0xe9 Builds/Actuator.cpp.o
 .debug_loc     0x00000000000000e9      0x359 Builds/dht.cpp.o
 .debug_loc     0x0000000000000442       0x4b Builds/main.cpp.o
 .debug_loc     0x000000000000048d      0x211 Builds/variant.cpp.o
 .debug_loc     0x000000000000069e       0xfd Builds/embeddedcomputing.a(WInterrupts.c.o)
 .debug_loc     0x000000000000079b       0x6a Builds/embeddedcomputing.a(wiring.c.o)
 .debug_loc     0x0000000000000805       0xdf Builds/embeddedcomputing.a(wiring_digital.c.o)
 .debug_loc     0x00000000000008e4     0x14d6 Builds/embeddedcomputing.a(Print.cpp.o)
 .debug_loc     0x0000000000001dba       0x29 Builds/embeddedcomputing.a(RingBuffer.cpp.o)
 .debug_loc     0x0000000000001de3      0x29c Builds/embeddedcomputing.a(UARTClass.cpp.o)
 .debug_loc     0x000000000000207f      0x404 Builds/embeddedcomputing.a(wiring_analog.c.o)

.debug_aranges  0x0000000000000000      0x460
 .debug_aranges
                0x0000000000000000       0x40 Builds/Actuator.cpp.o
 .debug_aranges
                0x0000000000000040       0x30 Builds/dht.cpp.o
 .debug_aranges
                0x0000000000000070       0x38 Builds/main.cpp.o
 .debug_aranges
                0x00000000000000a8       0xa0 Builds/variant.cpp.o
 .debug_aranges
                0x0000000000000148       0x38 Builds/embeddedcomputing.a(WInterrupts.c.o)
 .debug_aranges
                0x0000000000000180       0x50 Builds/embeddedcomputing.a(wiring.c.o)
 .debug_aranges
                0x00000000000001d0       0x30 Builds/embeddedcomputing.a(wiring_digital.c.o)
 .debug_aranges
                0x0000000000000200      0x100 Builds/embeddedcomputing.a(Print.cpp.o)
 .debug_aranges
                0x0000000000000300       0x28 Builds/embeddedcomputing.a(RingBuffer.cpp.o)
 .debug_aranges
                0x0000000000000328       0x78 Builds/embeddedcomputing.a(UARTClass.cpp.o)
 .debug_aranges
                0x00000000000003a0       0x30 Builds/embeddedcomputing.a(hooks.c.o)
 .debug_aranges
                0x00000000000003d0       0x90 Builds/embeddedcomputing.a(wiring_analog.c.o)

.debug_ranges   0x0000000000000000      0x6b0
 .debug_ranges  0x0000000000000000       0x30 Builds/Actuator.cpp.o
 .debug_ranges  0x0000000000000030       0x90 Builds/dht.cpp.o
 .debug_ranges  0x00000000000000c0       0x40 Builds/main.cpp.o
 .debug_ranges  0x0000000000000100       0xa8 Builds/variant.cpp.o
 .debug_ranges  0x00000000000001a8       0x28 Builds/embeddedcomputing.a(WInterrupts.c.o)
 .debug_ranges  0x00000000000001d0       0x40 Builds/embeddedcomputing.a(wiring.c.o)
 .debug_ranges  0x0000000000000210       0x20 Builds/embeddedcomputing.a(wiring_digital.c.o)
 .debug_ranges  0x0000000000000230      0x348 Builds/embeddedcomputing.a(Print.cpp.o)
 .debug_ranges  0x0000000000000578       0x18 Builds/embeddedcomputing.a(RingBuffer.cpp.o)
 .debug_ranges  0x0000000000000590       0x80 Builds/embeddedcomputing.a(UARTClass.cpp.o)
 .debug_ranges  0x0000000000000610       0x20 Builds/embeddedcomputing.a(hooks.c.o)
 .debug_ranges  0x0000000000000630       0x80 Builds/embeddedcomputing.a(wiring_analog.c.o)

.debug_line     0x0000000000000000     0x27a9
 .debug_line    0x0000000000000000      0x1f6 Builds/Actuator.cpp.o
 .debug_line    0x00000000000001f6      0x24a Builds/dht.cpp.o
 .debug_line    0x0000000000000440      0x38a Builds/main.cpp.o
 .debug_line    0x00000000000007ca      0x530 Builds/variant.cpp.o
 .debug_line    0x0000000000000cfa      0x2a9 Builds/embeddedcomputing.a(WInterrupts.c.o)
 .debug_line    0x0000000000000fa3      0x27b Builds/embeddedcomputing.a(wiring.c.o)
 .debug_line    0x000000000000121e      0x2b2 Builds/embeddedcomputing.a(wiring_digital.c.o)
 .debug_line    0x00000000000014d0      0x619 Builds/embeddedcomputing.a(Print.cpp.o)
 .debug_line    0x0000000000001ae9      0x24a Builds/embeddedcomputing.a(RingBuffer.cpp.o)
 .debug_line    0x0000000000001d33      0x471 Builds/embeddedcomputing.a(UARTClass.cpp.o)
 .debug_line    0x00000000000021a4       0xa8 Builds/embeddedcomputing.a(hooks.c.o)
 .debug_line    0x000000000000224c      0x55d Builds/embeddedcomputing.a(wiring_analog.c.o)

.debug_str      0x0000000000000000     0x24b7
 .debug_str     0x0000000000000000      0x23e Builds/Actuator.cpp.o
                                        0x297 (size before relaxing)
 .debug_str     0x000000000000023e      0x142 Builds/dht.cpp.o
                                        0x342 (size before relaxing)
 .debug_str     0x0000000000000380      0x17d Builds/main.cpp.o
                                        0x4c1 (size before relaxing)
 .debug_str     0x00000000000004fd      0x7a6 Builds/variant.cpp.o
                                        0xa65 (size before relaxing)
 .debug_str     0x0000000000000ca3      0x191 Builds/embeddedcomputing.a(WInterrupts.c.o)
                                        0x300 (size before relaxing)
 .debug_str     0x0000000000000e34       0x8a Builds/embeddedcomputing.a(wiring.c.o)
                                        0x35a (size before relaxing)
 .debug_str     0x0000000000000ebe       0x91 Builds/embeddedcomputing.a(wiring_digital.c.o)
                                        0x2d3 (size before relaxing)
 .debug_str     0x0000000000000f4f      0xaf4 Builds/embeddedcomputing.a(Print.cpp.o)
                                        0xdb9 (size before relaxing)
 .debug_str     0x0000000000001a43       0x79 Builds/embeddedcomputing.a(RingBuffer.cpp.o)
                                        0x23f (size before relaxing)
 .debug_str     0x0000000000001abc      0x51e Builds/embeddedcomputing.a(UARTClass.cpp.o)
                                       0x11aa (size before relaxing)
 .debug_str     0x0000000000001fda       0x6e Builds/embeddedcomputing.a(hooks.c.o)
                                        0x107 (size before relaxing)
 .debug_str     0x0000000000002048      0x46f Builds/embeddedcomputing.a(wiring_analog.c.o)
                                        0x961 (size before relaxing)

.debug_frame    0x0000000000000000      0xdc0
 .debug_frame   0x0000000000000000       0x70 Builds/Actuator.cpp.o
 .debug_frame   0x0000000000000070       0x68 Builds/dht.cpp.o
 .debug_frame   0x00000000000000d8       0x7c Builds/main.cpp.o
 .debug_frame   0x0000000000000154      0x188 Builds/variant.cpp.o
 .debug_frame   0x00000000000002dc       0x70 Builds/embeddedcomputing.a(WInterrupts.c.o)
 .debug_frame   0x000000000000034c       0xb8 Builds/embeddedcomputing.a(wiring.c.o)
 .debug_frame   0x0000000000000404       0x60 Builds/embeddedcomputing.a(wiring_digital.c.o)
 .debug_frame   0x0000000000000464      0x344 Builds/embeddedcomputing.a(Print.cpp.o)
 .debug_frame   0x00000000000007a8       0x38 Builds/embeddedcomputing.a(RingBuffer.cpp.o)
 .debug_frame   0x00000000000007e0      0x108 Builds/embeddedcomputing.a(UARTClass.cpp.o)
 .debug_frame   0x00000000000008e8       0x40 Builds/embeddedcomputing.a(hooks.c.o)
 .debug_frame   0x0000000000000928      0x160 Builds/embeddedcomputing.a(wiring_analog.c.o)
 .debug_frame   0x0000000000000a88       0x2c /Applications/RFduino.app/Contents/Java/hardware/tools/gcc-arm-none-eabi-4.8.3-2014q1/bin/../lib/gcc/arm-none-eabi/4.8.3/../../../../arm-none-eabi/lib/armv6-m/libm.a(lib_a-s_fpclassify.o)
 .debug_frame   0x0000000000000ab4       0x20 /Applications/RFduino.app/Contents/Java/hardware/tools/gcc-arm-none-eabi-4.8.3-2014q1/bin/../lib/gcc/arm-none-eabi/4.8.3/armv6-m/libgcc.a(_udivsi3.o)
 .debug_frame   0x0000000000000ad4       0x30 /Applications/RFduino.app/Contents/Java/hardware/tools/gcc-arm-none-eabi-4.8.3-2014q1/bin/../lib/gcc/arm-none-eabi/4.8.3/armv6-m/libgcc.a(_muldi3.o)
 .debug_frame   0x0000000000000b04       0x2c /Applications/RFduino.app/Contents/Java/hardware/tools/gcc-arm-none-eabi-4.8.3-2014q1/bin/../lib/gcc/arm-none-eabi/4.8.3/armv6-m/libgcc.a(_fixunsdfsi.o)
 .debug_frame   0x0000000000000b30       0x3c /Applications/RFduino.app/Contents/Java/hardware/tools/gcc-arm-none-eabi-4.8.3-2014q1/bin/../lib/gcc/arm-none-eabi/4.8.3/armv6-m/libgcc.a(adddf3.o)
 .debug_frame   0x0000000000000b6c       0x3c /Applications/RFduino.app/Contents/Java/hardware/tools/gcc-arm-none-eabi-4.8.3-2014q1/bin/../lib/gcc/arm-none-eabi/4.8.3/armv6-m/libgcc.a(divdf3.o)
 .debug_frame   0x0000000000000ba8       0x3c /Applications/RFduino.app/Contents/Java/hardware/tools/gcc-arm-none-eabi-4.8.3-2014q1/bin/../lib/gcc/arm-none-eabi/4.8.3/armv6-m/libgcc.a(eqdf2.o)
 .debug_frame   0x0000000000000be4       0x38 /Applications/RFduino.app/Contents/Java/hardware/tools/gcc-arm-none-eabi-4.8.3-2014q1/bin/../lib/gcc/arm-none-eabi/4.8.3/armv6-m/libgcc.a(gedf2.o)
 .debug_frame   0x0000000000000c1c       0x3c /Applications/RFduino.app/Contents/Java/hardware/tools/gcc-arm-none-eabi-4.8.3-2014q1/bin/../lib/gcc/arm-none-eabi/4.8.3/armv6-m/libgcc.a(ledf2.o)
 .debug_frame   0x0000000000000c58       0x3c /Applications/RFduino.app/Contents/Java/hardware/tools/gcc-arm-none-eabi-4.8.3-2014q1/bin/../lib/gcc/arm-none-eabi/4.8.3/armv6-m/libgcc.a(muldf3.o)
 .debug_frame   0x0000000000000c94       0x3c /Applications/RFduino.app/Contents/Java/hardware/tools/gcc-arm-none-eabi-4.8.3-2014q1/bin/../lib/gcc/arm-none-eabi/4.8.3/armv6-m/libgcc.a(subdf3.o)
 .debug_frame   0x0000000000000cd0       0x2c /Applications/RFduino.app/Contents/Java/hardware/tools/gcc-arm-none-eabi-4.8.3-2014q1/bin/../lib/gcc/arm-none-eabi/4.8.3/armv6-m/libgcc.a(fixdfsi.o)
 .debug_frame   0x0000000000000cfc       0x30 /Applications/RFduino.app/Contents/Java/hardware/tools/gcc-arm-none-eabi-4.8.3-2014q1/bin/../lib/gcc/arm-none-eabi/4.8.3/armv6-m/libgcc.a(floatsidf.o)
 .debug_frame   0x0000000000000d2c       0x28 /Applications/RFduino.app/Contents/Java/hardware/tools/gcc-arm-none-eabi-4.8.3-2014q1/bin/../lib/gcc/arm-none-eabi/4.8.3/armv6-m/libgcc.a(floatunsidf.o)
 .debug_frame   0x0000000000000d54       0x2c /Applications/RFduino.app/Contents/Java/hardware/tools/gcc-arm-none-eabi-4.8.3-2014q1/bin/../lib/gcc/arm-none-eabi/4.8.3/../../../../arm-none-eabi/lib/armv6-m/libc_s.a(lib_a-init.o)
 .debug_frame   0x0000000000000d80       0x20 /Applications/RFduino.app/Contents/Java/hardware/tools/gcc-arm-none-eabi-4.8.3-2014q1/bin/../lib/gcc/arm-none-eabi/4.8.3/../../../../arm-none-eabi/lib/armv6-m/libc_s.a(lib_a-memset.o)
 .debug_frame   0x0000000000000da0       0x20 /Applications/RFduino.app/Contents/Java/hardware/tools/gcc-arm-none-eabi-4.8.3-2014q1/bin/../lib/gcc/arm-none-eabi/4.8.3/../../../../arm-none-eabi/lib/armv6-m/libc_s.a(lib_a-strlen.o)

Cross Reference Table

Symbol                                            File
ADC_IRQHandler                                    /Applications/RFduino.app/Contents/Java/hardware/arduino/RFduino/variants/RFduino/libRFduinoSystem.a(startup_nrf51822.o)
Actuator::Actuator()                              Builds/Actuator.cpp.o
                                                  Builds/main.cpp.o
Actuator::Actuator()                              Builds/Actuator.cpp.o
Actuator::pin()                                   Builds/Actuator.cpp.o
Actuator::setPin(int)                             Builds/Actuator.cpp.o
                                                  Builds/main.cpp.o
Actuator::setState(bool)                          Builds/Actuator.cpp.o
                                                  Builds/main.cpp.o
Actuator::state()                                 Builds/Actuator.cpp.o
                                                  Builds/main.cpp.o
CCM_AAR_IRQHandler                                /Applications/RFduino.app/Contents/Java/hardware/arduino/RFduino/variants/RFduino/libRFduinoSystem.a(startup_nrf51822.o)
Default_Dynamic_Handler                           /Applications/RFduino.app/Contents/Java/hardware/arduino/RFduino/variants/RFduino/libRFduinoSystem.a(startup_nrf51822.o)
Default_Handler                                   /Applications/RFduino.app/Contents/Java/hardware/arduino/RFduino/variants/RFduino/libRFduinoSystem.a(startup_nrf51822.o)
ECB_IRQHandler                                    /Applications/RFduino.app/Contents/Java/hardware/arduino/RFduino/variants/RFduino/libRFduinoSystem.a(startup_nrf51822.o)
GPIOTE_Channels_Occupied                          Builds/variant.cpp.o
                                                  Builds/embeddedcomputing.a(wiring_analog.c.o)
GPIOTE_IRQHandler                                 /Applications/RFduino.app/Contents/Java/hardware/arduino/RFduino/variants/RFduino/libRFduinoSystem.a(startup_nrf51822.o)
GPIOTE_Interrupt                                  /Applications/RFduino.app/Contents/Java/hardware/arduino/RFduino/variants/RFduino/libRFduino.a(libRFduino.o)
HardFault_Handler                                 /Applications/RFduino.app/Contents/Java/hardware/arduino/RFduino/variants/RFduino/libRFduinoSystem.a(startup_nrf51822.o)
NMI_Handler                                       /Applications/RFduino.app/Contents/Java/hardware/arduino/RFduino/variants/RFduino/libRFduinoSystem.a(startup_nrf51822.o)
POWER_CLOCK_IRQHandler                            /Applications/RFduino.app/Contents/Java/hardware/arduino/RFduino/variants/RFduino/libRFduinoSystem.a(startup_nrf51822.o)
PPI_Channels_Occupied                             Builds/variant.cpp.o
                                                  Builds/embeddedcomputing.a(wiring_analog.c.o)
PendSV_Handler                                    /Applications/RFduino.app/Contents/Java/hardware/arduino/RFduino/variants/RFduino/libRFduinoSystem.a(startup_nrf51822.o)
Pin_Occupied_for_PWM                              Builds/variant.cpp.o
                                                  Builds/embeddedcomputing.a(wiring_analog.c.o)
                                                  Builds/embeddedcomputing.a(wiring_digital.c.o)
Print::print(Printable const&)                    Builds/embeddedcomputing.a(Print.cpp.o)
Print::print(String const&)                       Builds/embeddedcomputing.a(Print.cpp.o)
Print::print(__FlashStringHelper const*)          Builds/embeddedcomputing.a(Print.cpp.o)
Print::print(char const*)                         Builds/embeddedcomputing.a(Print.cpp.o)
                                                  Builds/main.cpp.o
Print::print(char)                                Builds/embeddedcomputing.a(Print.cpp.o)
Print::print(double, int)                         Builds/embeddedcomputing.a(Print.cpp.o)
                                                  Builds/main.cpp.o
Print::print(int, int)                            Builds/embeddedcomputing.a(Print.cpp.o)
                                                  Builds/main.cpp.o
Print::print(long, int)                           Builds/embeddedcomputing.a(Print.cpp.o)
Print::print(unsigned char, int)                  Builds/embeddedcomputing.a(Print.cpp.o)
Print::print(unsigned int, int)                   Builds/embeddedcomputing.a(Print.cpp.o)
Print::print(unsigned long, int)                  Builds/embeddedcomputing.a(Print.cpp.o)
Print::printFloat(double, unsigned char)          Builds/embeddedcomputing.a(Print.cpp.o)
Print::printNumber(unsigned long, unsigned char)  Builds/embeddedcomputing.a(Print.cpp.o)
Print::printf(char const*, ...)                   Builds/embeddedcomputing.a(Print.cpp.o)
Print::println()                                  Builds/embeddedcomputing.a(Print.cpp.o)
Print::println(Printable const&)                  Builds/embeddedcomputing.a(Print.cpp.o)
Print::println(String const&)                     Builds/embeddedcomputing.a(Print.cpp.o)
Print::println(__FlashStringHelper const*)        Builds/embeddedcomputing.a(Print.cpp.o)
Print::println(char const*)                       Builds/embeddedcomputing.a(Print.cpp.o)
                                                  Builds/main.cpp.o
Print::println(char)                              Builds/embeddedcomputing.a(Print.cpp.o)
Print::println(double, int)                       Builds/embeddedcomputing.a(Print.cpp.o)
Print::println(int, int)                          Builds/embeddedcomputing.a(Print.cpp.o)
Print::println(long, int)                         Builds/embeddedcomputing.a(Print.cpp.o)
Print::println(unsigned char, int)                Builds/embeddedcomputing.a(Print.cpp.o)
Print::println(unsigned int, int)                 Builds/embeddedcomputing.a(Print.cpp.o)
Print::println(unsigned long, int)                Builds/embeddedcomputing.a(Print.cpp.o)
Print::write(char const*)                         Builds/embeddedcomputing.a(Print.cpp.o)
Print::write(unsigned char const*, unsigned int)  Builds/embeddedcomputing.a(Print.cpp.o)
                                                  Builds/embeddedcomputing.a(UARTClass.cpp.o)
QDEC_IRQHandler                                   /Applications/RFduino.app/Contents/Java/hardware/arduino/RFduino/variants/RFduino/libRFduinoSystem.a(startup_nrf51822.o)
RADIO_IRQHandler                                  /Applications/RFduino.app/Contents/Java/hardware/arduino/RFduino/variants/RFduino/libRFduinoSystem.a(startup_nrf51822.o)
RFduinoBLE_enabled                                /Applications/RFduino.app/Contents/Java/hardware/arduino/RFduino/variants/RFduino/libRFduino.a(libRFduino.o)
                                                  Builds/variant.cpp.o
RFduinoBLE_radioActive                            /Applications/RFduino.app/Contents/Java/hardware/arduino/RFduino/variants/RFduino/libRFduino.a(libRFduino.o)
RFduinoBLE_used                                   /Applications/RFduino.app/Contents/Java/hardware/arduino/RFduino/variants/RFduino/libRFduino.a(libRFduino.o)
                                                  Builds/embeddedcomputing.a(wiring_analog.c.o)
RFduinoGZLL_enabled                               /Applications/RFduino.app/Contents/Java/hardware/arduino/RFduino/variants/RFduino/libRFduino.a(libRFduino.o)
RFduinoGZLL_used                                  /Applications/RFduino.app/Contents/Java/hardware/arduino/RFduino/variants/RFduino/libRFduino.a(libRFduino.o)
                                                  Builds/embeddedcomputing.a(wiring_analog.c.o)
RFduino_ULPDelay                                  /Applications/RFduino.app/Contents/Java/hardware/arduino/RFduino/variants/RFduino/libRFduino.a(libRFduino.o)
RFduino_pinWake                                   /Applications/RFduino.app/Contents/Java/hardware/arduino/RFduino/variants/RFduino/libRFduino.a(libRFduino.o)
RFduino_pinWakeCallback                           /Applications/RFduino.app/Contents/Java/hardware/arduino/RFduino/variants/RFduino/libRFduino.a(libRFduino.o)
                                                  Builds/embeddedcomputing.a(WInterrupts.c.o)
RFduino_pinWoke                                   /Applications/RFduino.app/Contents/Java/hardware/arduino/RFduino/variants/RFduino/libRFduino.a(libRFduino.o)
RFduino_resetPinWake                              /Applications/RFduino.app/Contents/Java/hardware/arduino/RFduino/variants/RFduino/libRFduino.a(libRFduino.o)
RFduino_systemOff                                 /Applications/RFduino.app/Contents/Java/hardware/arduino/RFduino/variants/RFduino/libRFduino.a(libRFduino.o)
RFduino_systemReset                               /Applications/RFduino.app/Contents/Java/hardware/arduino/RFduino/variants/RFduino/libRFduino.a(libRFduino.o)
RFduino_temperature                               /Applications/RFduino.app/Contents/Java/hardware/arduino/RFduino/variants/RFduino/libRFduino.a(libRFduino.o)
RNG_IRQHandler                                    /Applications/RFduino.app/Contents/Java/hardware/arduino/RFduino/variants/RFduino/libRFduinoSystem.a(startup_nrf51822.o)
RTC0_IRQHandler                                   /Applications/RFduino.app/Contents/Java/hardware/arduino/RFduino/variants/RFduino/libRFduinoSystem.a(startup_nrf51822.o)
RTC1_IRQHandler                                   /Applications/RFduino.app/Contents/Java/hardware/arduino/RFduino/variants/RFduino/libRFduinoSystem.a(startup_nrf51822.o)
RTC1_Interrupt                                    Builds/embeddedcomputing.a(wiring.c.o)
                                                  Builds/variant.cpp.o
Reset_Handler                                     /Applications/RFduino.app/Contents/Java/hardware/arduino/RFduino/variants/RFduino/libRFduinoSystem.a(startup_nrf51822.o)
RingBuffer::RingBuffer()                          Builds/embeddedcomputing.a(RingBuffer.cpp.o)
RingBuffer::RingBuffer()                          Builds/embeddedcomputing.a(RingBuffer.cpp.o)
                                                  Builds/variant.cpp.o
RingBuffer::store_char(unsigned char)             Builds/embeddedcomputing.a(RingBuffer.cpp.o)
                                                  Builds/embeddedcomputing.a(UARTClass.cpp.o)
SPI0_TWI0_IRQHandler                              /Applications/RFduino.app/Contents/Java/hardware/arduino/RFduino/variants/RFduino/libRFduinoSystem.a(startup_nrf51822.o)
SPI1_TWI1_IRQHandler                              /Applications/RFduino.app/Contents/Java/hardware/arduino/RFduino/variants/RFduino/libRFduinoSystem.a(startup_nrf51822.o)
SVC_Handler                                       /Applications/RFduino.app/Contents/Java/hardware/arduino/RFduino/variants/RFduino/libRFduinoSystem.a(startup_nrf51822.o)
SWI0_IRQHandler                                   /Applications/RFduino.app/Contents/Java/hardware/arduino/RFduino/variants/RFduino/libRFduinoSystem.a(startup_nrf51822.o)
SWI1_IRQHandler                                   /Applications/RFduino.app/Contents/Java/hardware/arduino/RFduino/variants/RFduino/libRFduinoSystem.a(startup_nrf51822.o)
SWI2_IRQHandler                                   /Applications/RFduino.app/Contents/Java/hardware/arduino/RFduino/variants/RFduino/libRFduinoSystem.a(startup_nrf51822.o)
SWI3_IRQHandler                                   /Applications/RFduino.app/Contents/Java/hardware/arduino/RFduino/variants/RFduino/libRFduinoSystem.a(startup_nrf51822.o)
SWI4_IRQHandler                                   /Applications/RFduino.app/Contents/Java/hardware/arduino/RFduino/variants/RFduino/libRFduinoSystem.a(startup_nrf51822.o)
SWI5_IRQHandler                                   /Applications/RFduino.app/Contents/Java/hardware/arduino/RFduino/variants/RFduino/libRFduinoSystem.a(startup_nrf51822.o)
Serial                                            Builds/variant.cpp.o
                                                  Builds/main.cpp.o
String::String(String const&)                     Builds/embeddedcomputing.a(WString.cpp.o)
String::String(String const&)                     Builds/embeddedcomputing.a(WString.cpp.o)
String::String(char const*)                       Builds/embeddedcomputing.a(WString.cpp.o)
String::String(char const*)                       Builds/embeddedcomputing.a(WString.cpp.o)
String::String(char)                              Builds/embeddedcomputing.a(WString.cpp.o)
String::String(char)                              Builds/embeddedcomputing.a(WString.cpp.o)
String::String(int, unsigned char)                Builds/embeddedcomputing.a(WString.cpp.o)
String::String(int, unsigned char)                Builds/embeddedcomputing.a(WString.cpp.o)
String::String(long, unsigned char)               Builds/embeddedcomputing.a(WString.cpp.o)
String::String(long, unsigned char)               Builds/embeddedcomputing.a(WString.cpp.o)
String::String(unsigned char, unsigned char)      Builds/embeddedcomputing.a(WString.cpp.o)
String::String(unsigned char, unsigned char)      Builds/embeddedcomputing.a(WString.cpp.o)
String::String(unsigned int, unsigned char)       Builds/embeddedcomputing.a(WString.cpp.o)
String::String(unsigned int, unsigned char)       Builds/embeddedcomputing.a(WString.cpp.o)
String::String(unsigned long, unsigned char)      Builds/embeddedcomputing.a(WString.cpp.o)
String::String(unsigned long, unsigned char)      Builds/embeddedcomputing.a(WString.cpp.o)
String::changeBuffer(unsigned int)                Builds/embeddedcomputing.a(WString.cpp.o)
String::charAt(unsigned int) const                Builds/embeddedcomputing.a(WString.cpp.o)
String::compareTo(String const&) const            Builds/embeddedcomputing.a(WString.cpp.o)
String::concat(String const&)                     Builds/embeddedcomputing.a(WString.cpp.o)
String::concat(char const*)                       Builds/embeddedcomputing.a(WString.cpp.o)
String::concat(char const*, unsigned int)         Builds/embeddedcomputing.a(WString.cpp.o)
String::concat(char)                              Builds/embeddedcomputing.a(WString.cpp.o)
String::concat(int)                               Builds/embeddedcomputing.a(WString.cpp.o)
String::concat(long)                              Builds/embeddedcomputing.a(WString.cpp.o)
String::concat(unsigned char)                     Builds/embeddedcomputing.a(WString.cpp.o)
String::concat(unsigned int)                      Builds/embeddedcomputing.a(WString.cpp.o)
String::concat(unsigned long)                     Builds/embeddedcomputing.a(WString.cpp.o)
String::copy(char const*, unsigned int)           Builds/embeddedcomputing.a(WString.cpp.o)
String::endsWith(String const&) const             Builds/embeddedcomputing.a(WString.cpp.o)
String::equals(String const&) const               Builds/embeddedcomputing.a(WString.cpp.o)
String::equals(char const*) const                 Builds/embeddedcomputing.a(WString.cpp.o)
String::equalsIgnoreCase(String const&) const     Builds/embeddedcomputing.a(WString.cpp.o)
String::getBytes(unsigned char*, unsigned int, unsigned int) const Builds/embeddedcomputing.a(WString.cpp.o)
String::indexOf(String const&) const              Builds/embeddedcomputing.a(WString.cpp.o)
String::indexOf(String const&, unsigned int) const Builds/embeddedcomputing.a(WString.cpp.o)
String::indexOf(char) const                       Builds/embeddedcomputing.a(WString.cpp.o)
String::indexOf(char, unsigned int) const         Builds/embeddedcomputing.a(WString.cpp.o)
String::invalidate()                              Builds/embeddedcomputing.a(WString.cpp.o)
String::lastIndexOf(String const&) const          Builds/embeddedcomputing.a(WString.cpp.o)
String::lastIndexOf(String const&, unsigned int) const Builds/embeddedcomputing.a(WString.cpp.o)
String::lastIndexOf(char) const                   Builds/embeddedcomputing.a(WString.cpp.o)
String::lastIndexOf(char, unsigned int) const     Builds/embeddedcomputing.a(WString.cpp.o)
String::operator<(String const&) const            Builds/embeddedcomputing.a(WString.cpp.o)
String::operator<=(String const&) const           Builds/embeddedcomputing.a(WString.cpp.o)
String::operator=(String const&)                  Builds/embeddedcomputing.a(WString.cpp.o)
String::operator=(char const*)                    Builds/embeddedcomputing.a(WString.cpp.o)
String::operator>(String const&) const            Builds/embeddedcomputing.a(WString.cpp.o)
String::operator>=(String const&) const           Builds/embeddedcomputing.a(WString.cpp.o)
String::operator[](unsigned int)                  Builds/embeddedcomputing.a(WString.cpp.o)
String::operator[](unsigned int) const            Builds/embeddedcomputing.a(WString.cpp.o)
                                                  Builds/embeddedcomputing.a(Print.cpp.o)
String::replace(String const&, String const&)     Builds/embeddedcomputing.a(WString.cpp.o)
String::replace(char, char)                       Builds/embeddedcomputing.a(WString.cpp.o)
String::reserve(unsigned int)                     Builds/embeddedcomputing.a(WString.cpp.o)
String::setCharAt(unsigned int, char)             Builds/embeddedcomputing.a(WString.cpp.o)
String::startsWith(String const&) const           Builds/embeddedcomputing.a(WString.cpp.o)
String::startsWith(String const&, unsigned int) const Builds/embeddedcomputing.a(WString.cpp.o)
String::substring(unsigned int, unsigned int) const Builds/embeddedcomputing.a(WString.cpp.o)
String::toInt() const                             Builds/embeddedcomputing.a(WString.cpp.o)
String::toLowerCase()                             Builds/embeddedcomputing.a(WString.cpp.o)
String::toUpperCase()                             Builds/embeddedcomputing.a(WString.cpp.o)
String::trim()                                    Builds/embeddedcomputing.a(WString.cpp.o)
String::~String()                                 Builds/embeddedcomputing.a(WString.cpp.o)
String::~String()                                 Builds/embeddedcomputing.a(WString.cpp.o)
SysTick_Handler                                   /Applications/RFduino.app/Contents/Java/hardware/arduino/RFduino/variants/RFduino/libRFduinoSystem.a(startup_nrf51822.o)
SystemCoreClock                                   /Applications/RFduino.app/Contents/Java/hardware/arduino/RFduino/variants/RFduino/libRFduinoSystem.a(system_nrf51.o)
SystemCoreClockUpdate                             /Applications/RFduino.app/Contents/Java/hardware/arduino/RFduino/variants/RFduino/libRFduinoSystem.a(system_nrf51.o)
SystemInit                                        /Applications/RFduino.app/Contents/Java/hardware/arduino/RFduino/variants/RFduino/libRFduinoSystem.a(system_nrf51.o)
                                                  /Applications/RFduino.app/Contents/Java/hardware/arduino/RFduino/variants/RFduino/libRFduinoSystem.a(startup_nrf51822.o)
TEMP_IRQHandler                                   /Applications/RFduino.app/Contents/Java/hardware/arduino/RFduino/variants/RFduino/libRFduinoSystem.a(startup_nrf51822.o)
TIMER0_IRQHandler                                 /Applications/RFduino.app/Contents/Java/hardware/arduino/RFduino/variants/RFduino/libRFduinoSystem.a(startup_nrf51822.o)
TIMER1_IRQHandler                                 /Applications/RFduino.app/Contents/Java/hardware/arduino/RFduino/variants/RFduino/libRFduinoSystem.a(startup_nrf51822.o)
TIMER2_IRQHandler                                 /Applications/RFduino.app/Contents/Java/hardware/arduino/RFduino/variants/RFduino/libRFduinoSystem.a(startup_nrf51822.o)
Timer1_Compare_Unit_Occupied_by_Pin               Builds/variant.cpp.o
                                                  Builds/embeddedcomputing.a(wiring_analog.c.o)
Timer2_Compare_Unit_Occupied_by_Pin               Builds/variant.cpp.o
                                                  Builds/embeddedcomputing.a(wiring_analog.c.o)
UART0_BaudRate                                    Builds/variant.cpp.o
UART0_FlushTX                                     Builds/variant.cpp.o
UART0_IRQHandler                                  /Applications/RFduino.app/Contents/Java/hardware/arduino/RFduino/variants/RFduino/libRFduinoSystem.a(startup_nrf51822.o)
UART0_Interrupt()                                 Builds/variant.cpp.o
UART0_RX                                          Builds/variant.cpp.o
UART0_RXErrorReset                                Builds/variant.cpp.o
                                                  Builds/embeddedcomputing.a(UARTClass.cpp.o)
UART0_RXReset                                     Builds/variant.cpp.o
                                                  Builds/embeddedcomputing.a(UARTClass.cpp.o)
UART0_Start                                       Builds/variant.cpp.o
                                                  Builds/embeddedcomputing.a(UARTClass.cpp.o)
UART0_State                                       Builds/variant.cpp.o
                                                  Builds/embeddedcomputing.a(UARTClass.cpp.o)
UART0_Stop                                        Builds/variant.cpp.o
                                                  Builds/embeddedcomputing.a(UARTClass.cpp.o)
UART0_TX                                          Builds/variant.cpp.o
                                                  Builds/syscalls.c.o
UART0_TXD                                         Builds/variant.cpp.o
                                                  Builds/embeddedcomputing.a(UARTClass.cpp.o)
UART0_TXReset                                     Builds/variant.cpp.o
                                                  Builds/embeddedcomputing.a(UARTClass.cpp.o)
UARTClass::IrqHandler()                           Builds/embeddedcomputing.a(UARTClass.cpp.o)
                                                  Builds/variant.cpp.o
UARTClass::UARTClass(RingBuffer*, RingBuffer*)    Builds/embeddedcomputing.a(UARTClass.cpp.o)
                                                  Builds/variant.cpp.o
UARTClass::UARTClass(RingBuffer*, RingBuffer*)    Builds/embeddedcomputing.a(UARTClass.cpp.o)
UARTClass::available()                            Builds/embeddedcomputing.a(UARTClass.cpp.o)
UARTClass::begin(unsigned long)                   Builds/embeddedcomputing.a(UARTClass.cpp.o)
                                                  Builds/main.cpp.o
UARTClass::begin(unsigned long, unsigned char, unsigned char) Builds/embeddedcomputing.a(UARTClass.cpp.o)
UARTClass::end()                                  Builds/embeddedcomputing.a(UARTClass.cpp.o)
UARTClass::flush()                                Builds/embeddedcomputing.a(UARTClass.cpp.o)
                                                  Builds/variant.cpp.o
UARTClass::operator bool()                        Builds/embeddedcomputing.a(UARTClass.cpp.o)
UARTClass::peek()                                 Builds/embeddedcomputing.a(UARTClass.cpp.o)
UARTClass::read()                                 Builds/embeddedcomputing.a(UARTClass.cpp.o)
UARTClass::tx()                                   Builds/embeddedcomputing.a(UARTClass.cpp.o)
UARTClass::write(unsigned char)                   Builds/embeddedcomputing.a(UARTClass.cpp.o)
                                                  Builds/variant.cpp.o
WDT_IRQHandler                                    /Applications/RFduino.app/Contents/Java/hardware/arduino/RFduino/variants/RFduino/libRFduinoSystem.a(startup_nrf51822.o)
WUCOMP_IRQHandler                                 /Applications/RFduino.app/Contents/Java/hardware/arduino/RFduino/variants/RFduino/libRFduinoSystem.a(startup_nrf51822.o)
_Jv_RegisterClasses                               /Applications/RFduino.app/Contents/Java/hardware/tools/gcc-arm-none-eabi-4.8.3-2014q1/bin/../lib/gcc/arm-none-eabi/4.8.3/armv6-m/crtbegin.o
__aeabi_cdcmpeq                                   /Applications/RFduino.app/Contents/Java/hardware/tools/gcc-arm-none-eabi-4.8.3-2014q1/bin/../lib/gcc/arm-none-eabi/4.8.3/armv6-m/libgcc.a(_arm_cmpdf2.o)
__aeabi_cdcmple                                   /Applications/RFduino.app/Contents/Java/hardware/tools/gcc-arm-none-eabi-4.8.3-2014q1/bin/../lib/gcc/arm-none-eabi/4.8.3/armv6-m/libgcc.a(_arm_cmpdf2.o)
__aeabi_cdrcmple                                  /Applications/RFduino.app/Contents/Java/hardware/tools/gcc-arm-none-eabi-4.8.3-2014q1/bin/../lib/gcc/arm-none-eabi/4.8.3/armv6-m/libgcc.a(_arm_cmpdf2.o)
__aeabi_d2iz                                      /Applications/RFduino.app/Contents/Java/hardware/tools/gcc-arm-none-eabi-4.8.3-2014q1/bin/../lib/gcc/arm-none-eabi/4.8.3/armv6-m/libgcc.a(fixdfsi.o)
                                                  /Applications/RFduino.app/Contents/Java/hardware/tools/gcc-arm-none-eabi-4.8.3-2014q1/bin/../lib/gcc/arm-none-eabi/4.8.3/armv6-m/libgcc.a(_fixunsdfsi.o)
                                                  Builds/embeddedcomputing.a(Print.cpp.o)
                                                  Builds/main.cpp.o
__aeabi_d2uiz                                     /Applications/RFduino.app/Contents/Java/hardware/tools/gcc-arm-none-eabi-4.8.3-2014q1/bin/../lib/gcc/arm-none-eabi/4.8.3/armv6-m/libgcc.a(_fixunsdfsi.o)
                                                  Builds/embeddedcomputing.a(Print.cpp.o)
__aeabi_dadd                                      /Applications/RFduino.app/Contents/Java/hardware/tools/gcc-arm-none-eabi-4.8.3-2014q1/bin/../lib/gcc/arm-none-eabi/4.8.3/armv6-m/libgcc.a(adddf3.o)
                                                  Builds/embeddedcomputing.a(Print.cpp.o)
__aeabi_dcmpeq                                    /Applications/RFduino.app/Contents/Java/hardware/tools/gcc-arm-none-eabi-4.8.3-2014q1/bin/../lib/gcc/arm-none-eabi/4.8.3/armv6-m/libgcc.a(_arm_cmpdf2.o)
__aeabi_dcmpge                                    /Applications/RFduino.app/Contents/Java/hardware/tools/gcc-arm-none-eabi-4.8.3-2014q1/bin/../lib/gcc/arm-none-eabi/4.8.3/armv6-m/libgcc.a(_arm_cmpdf2.o)
                                                  /Applications/RFduino.app/Contents/Java/hardware/tools/gcc-arm-none-eabi-4.8.3-2014q1/bin/../lib/gcc/arm-none-eabi/4.8.3/armv6-m/libgcc.a(_fixunsdfsi.o)
__aeabi_dcmpgt                                    /Applications/RFduino.app/Contents/Java/hardware/tools/gcc-arm-none-eabi-4.8.3-2014q1/bin/../lib/gcc/arm-none-eabi/4.8.3/armv6-m/libgcc.a(_arm_cmpdf2.o)
                                                  Builds/embeddedcomputing.a(Print.cpp.o)
__aeabi_dcmple                                    /Applications/RFduino.app/Contents/Java/hardware/tools/gcc-arm-none-eabi-4.8.3-2014q1/bin/../lib/gcc/arm-none-eabi/4.8.3/armv6-m/libgcc.a(_arm_cmpdf2.o)
__aeabi_dcmplt                                    /Applications/RFduino.app/Contents/Java/hardware/tools/gcc-arm-none-eabi-4.8.3-2014q1/bin/../lib/gcc/arm-none-eabi/4.8.3/armv6-m/libgcc.a(_arm_cmpdf2.o)
                                                  Builds/embeddedcomputing.a(Print.cpp.o)
__aeabi_ddiv                                      /Applications/RFduino.app/Contents/Java/hardware/tools/gcc-arm-none-eabi-4.8.3-2014q1/bin/../lib/gcc/arm-none-eabi/4.8.3/armv6-m/libgcc.a(divdf3.o)
                                                  Builds/embeddedcomputing.a(Print.cpp.o)
__aeabi_dmul                                      /Applications/RFduino.app/Contents/Java/hardware/tools/gcc-arm-none-eabi-4.8.3-2014q1/bin/../lib/gcc/arm-none-eabi/4.8.3/armv6-m/libgcc.a(muldf3.o)
                                                  Builds/embeddedcomputing.a(Print.cpp.o)
                                                  Builds/dht.cpp.o
__aeabi_dsub                                      /Applications/RFduino.app/Contents/Java/hardware/tools/gcc-arm-none-eabi-4.8.3-2014q1/bin/../lib/gcc/arm-none-eabi/4.8.3/armv6-m/libgcc.a(subdf3.o)
                                                  /Applications/RFduino.app/Contents/Java/hardware/tools/gcc-arm-none-eabi-4.8.3-2014q1/bin/../lib/gcc/arm-none-eabi/4.8.3/armv6-m/libgcc.a(_fixunsdfsi.o)
                                                  Builds/embeddedcomputing.a(Print.cpp.o)
__aeabi_fadd                                      /Applications/RFduino.app/Contents/Java/hardware/tools/gcc-arm-none-eabi-4.8.3-2014q1/bin/../lib/gcc/arm-none-eabi/4.8.3/armv6-m/libgcc.a(addsf3.o)
                                                  /Applications/RFduino.app/Contents/Java/hardware/arduino/RFduino/variants/RFduino/libRFduino.a(libRFduino.o)
__aeabi_fdiv                                      /Applications/RFduino.app/Contents/Java/hardware/tools/gcc-arm-none-eabi-4.8.3-2014q1/bin/../lib/gcc/arm-none-eabi/4.8.3/armv6-m/libgcc.a(divsf3.o)
                                                  /Applications/RFduino.app/Contents/Java/hardware/arduino/RFduino/variants/RFduino/libRFduino.a(libRFduino.o)
__aeabi_fmul                                      /Applications/RFduino.app/Contents/Java/hardware/tools/gcc-arm-none-eabi-4.8.3-2014q1/bin/../lib/gcc/arm-none-eabi/4.8.3/armv6-m/libgcc.a(mulsf3.o)
                                                  /Applications/RFduino.app/Contents/Java/hardware/arduino/RFduino/variants/RFduino/libRFduino.a(libRFduino.o)
__aeabi_fsub                                      /Applications/RFduino.app/Contents/Java/hardware/tools/gcc-arm-none-eabi-4.8.3-2014q1/bin/../lib/gcc/arm-none-eabi/4.8.3/armv6-m/libgcc.a(subsf3.o)
                                                  /Applications/RFduino.app/Contents/Java/hardware/arduino/RFduino/variants/RFduino/libRFduino.a(libRFduino.o)
__aeabi_i2d                                       /Applications/RFduino.app/Contents/Java/hardware/tools/gcc-arm-none-eabi-4.8.3-2014q1/bin/../lib/gcc/arm-none-eabi/4.8.3/armv6-m/libgcc.a(floatsidf.o)
                                                  Builds/embeddedcomputing.a(Print.cpp.o)
                                                  Builds/main.cpp.o
                                                  Builds/dht.cpp.o
__aeabi_i2f                                       /Applications/RFduino.app/Contents/Java/hardware/tools/gcc-arm-none-eabi-4.8.3-2014q1/bin/../lib/gcc/arm-none-eabi/4.8.3/armv6-m/libgcc.a(floatsisf.o)
                                                  /Applications/RFduino.app/Contents/Java/hardware/arduino/RFduino/variants/RFduino/libRFduino.a(libRFduino.o)
__aeabi_idiv                                      /Applications/RFduino.app/Contents/Java/hardware/tools/gcc-arm-none-eabi-4.8.3-2014q1/bin/../lib/gcc/arm-none-eabi/4.8.3/armv6-m/libgcc.a(_divsi3.o)
                                                  /Applications/RFduino.app/Contents/Java/hardware/tools/gcc-arm-none-eabi-4.8.3-2014q1/bin/../lib/gcc/arm-none-eabi/4.8.3/../../../../arm-none-eabi/lib/armv6-m/libc_s.a(lib_a-fvwrite.o)
                                                  Builds/embeddedcomputing.a(WMath.cpp.o)
__aeabi_idiv0                                     /Applications/RFduino.app/Contents/Java/hardware/tools/gcc-arm-none-eabi-4.8.3-2014q1/bin/../lib/gcc/arm-none-eabi/4.8.3/armv6-m/libgcc.a(_dvmd_tls.o)
                                                  /Applications/RFduino.app/Contents/Java/hardware/tools/gcc-arm-none-eabi-4.8.3-2014q1/bin/../lib/gcc/arm-none-eabi/4.8.3/armv6-m/libgcc.a(_divsi3.o)
                                                  /Applications/RFduino.app/Contents/Java/hardware/tools/gcc-arm-none-eabi-4.8.3-2014q1/bin/../lib/gcc/arm-none-eabi/4.8.3/armv6-m/libgcc.a(_udivsi3.o)
__aeabi_idivmod                                   /Applications/RFduino.app/Contents/Java/hardware/tools/gcc-arm-none-eabi-4.8.3-2014q1/bin/../lib/gcc/arm-none-eabi/4.8.3/armv6-m/libgcc.a(_divsi3.o)
                                                  Builds/embeddedcomputing.a(WMath.cpp.o)
                                                  Builds/embeddedcomputing.a(Print.cpp.o)
__aeabi_ldiv0                                     /Applications/RFduino.app/Contents/Java/hardware/tools/gcc-arm-none-eabi-4.8.3-2014q1/bin/../lib/gcc/arm-none-eabi/4.8.3/armv6-m/libgcc.a(_dvmd_tls.o)
                                                  /Applications/RFduino.app/Contents/Java/hardware/tools/gcc-arm-none-eabi-4.8.3-2014q1/bin/../lib/gcc/arm-none-eabi/4.8.3/armv6-m/libgcc.a(_aeabi_uldivmod.o)
__aeabi_lmul                                      /Applications/RFduino.app/Contents/Java/hardware/tools/gcc-arm-none-eabi-4.8.3-2014q1/bin/../lib/gcc/arm-none-eabi/4.8.3/armv6-m/libgcc.a(_muldi3.o)
                                                  /Applications/RFduino.app/Contents/Java/hardware/tools/gcc-arm-none-eabi-4.8.3-2014q1/bin/../lib/gcc/arm-none-eabi/4.8.3/../../../../arm-none-eabi/lib/armv6-m/libc_s.a(lib_a-rand.o)
                                                  /Applications/RFduino.app/Contents/Java/hardware/tools/gcc-arm-none-eabi-4.8.3-2014q1/bin/../lib/gcc/arm-none-eabi/4.8.3/armv6-m/libgcc.a(bpabi.o)
                                                  Builds/embeddedcomputing.a(wiring.c.o)
__aeabi_ui2d                                      /Applications/RFduino.app/Contents/Java/hardware/tools/gcc-arm-none-eabi-4.8.3-2014q1/bin/../lib/gcc/arm-none-eabi/4.8.3/armv6-m/libgcc.a(floatunsidf.o)
                                                  Builds/embeddedcomputing.a(Print.cpp.o)
                                                  Builds/dht.cpp.o
__aeabi_uidiv                                     /Applications/RFduino.app/Contents/Java/hardware/tools/gcc-arm-none-eabi-4.8.3-2014q1/bin/../lib/gcc/arm-none-eabi/4.8.3/armv6-m/libgcc.a(_udivsi3.o)
                                                  /Applications/RFduino.app/Contents/Java/hardware/tools/gcc-arm-none-eabi-4.8.3-2014q1/bin/../lib/gcc/arm-none-eabi/4.8.3/../../../../arm-none-eabi/lib/armv6-m/libc_s.a(lib_a-vfprintf_i.o)
                                                  /Applications/RFduino.app/Contents/Java/hardware/tools/gcc-arm-none-eabi-4.8.3-2014q1/bin/../lib/gcc/arm-none-eabi/4.8.3/../../../../arm-none-eabi/lib/armv6-m/libc_s.a(lib_a-strtol.o)
                                                  /Applications/RFduino.app/Contents/Java/hardware/tools/gcc-arm-none-eabi-4.8.3-2014q1/bin/../lib/gcc/arm-none-eabi/4.8.3/armv6-m/libgcc.a(_udivdi3.o)
                                                  /Applications/RFduino.app/Contents/Java/hardware/tools/gcc-arm-none-eabi-4.8.3-2014q1/bin/../lib/gcc/arm-none-eabi/4.8.3/armv6-m/libgcc.a(_divdi3.o)
                                                  /Applications/RFduino.app/Contents/Java/hardware/tools/gcc-arm-none-eabi-4.8.3-2014q1/bin/../lib/gcc/arm-none-eabi/4.8.3/armv6-m/libgcc.a(divdf3.o)
                                                  Builds/embeddedcomputing.a(itoa.c.o)
                                                  Builds/embeddedcomputing.a(Print.cpp.o)
__aeabi_uidivmod                                  /Applications/RFduino.app/Contents/Java/hardware/tools/gcc-arm-none-eabi-4.8.3-2014q1/bin/../lib/gcc/arm-none-eabi/4.8.3/armv6-m/libgcc.a(_udivsi3.o)
                                                  /Applications/RFduino.app/Contents/Java/hardware/tools/gcc-arm-none-eabi-4.8.3-2014q1/bin/../lib/gcc/arm-none-eabi/4.8.3/../../../../arm-none-eabi/lib/armv6-m/libc_s.a(lib_a-vfprintf_i.o)
                                                  /Applications/RFduino.app/Contents/Java/hardware/tools/gcc-arm-none-eabi-4.8.3-2014q1/bin/../lib/gcc/arm-none-eabi/4.8.3/../../../../arm-none-eabi/lib/armv6-m/libc_s.a(lib_a-strtol.o)
                                                  /Applications/RFduino.app/Contents/Java/hardware/tools/gcc-arm-none-eabi-4.8.3-2014q1/bin/../lib/gcc/arm-none-eabi/4.8.3/armv6-m/libgcc.a(_udivdi3.o)
                                                  /Applications/RFduino.app/Contents/Java/hardware/tools/gcc-arm-none-eabi-4.8.3-2014q1/bin/../lib/gcc/arm-none-eabi/4.8.3/armv6-m/libgcc.a(_divdi3.o)
                                                  /Applications/RFduino.app/Contents/Java/hardware/tools/gcc-arm-none-eabi-4.8.3-2014q1/bin/../lib/gcc/arm-none-eabi/4.8.3/armv6-m/libgcc.a(divdf3.o)
                                                  Builds/embeddedcomputing.a(itoa.c.o)
__aeabi_uldivmod                                  /Applications/RFduino.app/Contents/Java/hardware/tools/gcc-arm-none-eabi-4.8.3-2014q1/bin/../lib/gcc/arm-none-eabi/4.8.3/armv6-m/libgcc.a(_aeabi_uldivmod.o)
                                                  /Applications/RFduino.app/Contents/Java/hardware/arduino/RFduino/variants/RFduino/libRFduino.a(libRFduino.o)
__bss_end__                                       /Applications/RFduino.app/Contents/Java/hardware/tools/gcc-arm-none-eabi-4.8.3-2014q1/bin/../lib/gcc/arm-none-eabi/4.8.3/../../../../arm-none-eabi/lib/armv6-m/crt0.o
__bss_start__                                     /Applications/RFduino.app/Contents/Java/hardware/tools/gcc-arm-none-eabi-4.8.3-2014q1/bin/../lib/gcc/arm-none-eabi/4.8.3/../../../../arm-none-eabi/lib/armv6-m/crt0.o
__call_exitprocs                                  /Applications/RFduino.app/Contents/Java/hardware/tools/gcc-arm-none-eabi-4.8.3-2014q1/bin/../lib/gcc/arm-none-eabi/4.8.3/../../../../arm-none-eabi/lib/armv6-m/libc_s.a(lib_a-exit.o)
__clzsi2                                          /Applications/RFduino.app/Contents/Java/hardware/tools/gcc-arm-none-eabi-4.8.3-2014q1/bin/../lib/gcc/arm-none-eabi/4.8.3/armv6-m/libgcc.a(_clzsi2.o)
                                                  /Applications/RFduino.app/Contents/Java/hardware/tools/gcc-arm-none-eabi-4.8.3-2014q1/bin/../lib/gcc/arm-none-eabi/4.8.3/armv6-m/libgcc.a(_udivdi3.o)
                                                  /Applications/RFduino.app/Contents/Java/hardware/tools/gcc-arm-none-eabi-4.8.3-2014q1/bin/../lib/gcc/arm-none-eabi/4.8.3/armv6-m/libgcc.a(_divdi3.o)
                                                  /Applications/RFduino.app/Contents/Java/hardware/tools/gcc-arm-none-eabi-4.8.3-2014q1/bin/../lib/gcc/arm-none-eabi/4.8.3/armv6-m/libgcc.a(floatunsidf.o)
                                                  /Applications/RFduino.app/Contents/Java/hardware/tools/gcc-arm-none-eabi-4.8.3-2014q1/bin/../lib/gcc/arm-none-eabi/4.8.3/armv6-m/libgcc.a(floatsidf.o)